Archive member included to satisfy reference by file (symbol)

/opt/blocksds/external/nitro-engine/lib/libNE.a(NEAnimation.c.o)
                              build/source/main.cpp.o (NE_AnimationCreate)
/opt/blocksds/external/nitro-engine/lib/libNE.a(NECamera.c.o)
                              build/source/main.cpp.o (NE_CameraCreate)
/opt/blocksds/external/nitro-engine/lib/libNE.a(NEFAT.c.o)
                              /opt/blocksds/external/nitro-engine/lib/libNE.a(NEAnimation.c.o) (NE_FATLoadData)
/opt/blocksds/external/nitro-engine/lib/libNE.a(NEGeneral.c.o)
                              /opt/blocksds/external/nitro-engine/lib/libNE.a(NEFAT.c.o) (NE_Dual)
/opt/blocksds/external/nitro-engine/lib/libNE.a(NEGUI.c.o)
                              /opt/blocksds/external/nitro-engine/lib/libNE.a(NEGeneral.c.o) (NE_GUIUpdate)
/opt/blocksds/external/nitro-engine/lib/libNE.a(NEModel.c.o)
                              build/source/main.cpp.o (NE_ModelCreate)
/opt/blocksds/external/nitro-engine/lib/libNE.a(NEPhysics.c.o)
                              /opt/blocksds/external/nitro-engine/lib/libNE.a(NEGeneral.c.o) (NE_PhysicsSystemReset)
/opt/blocksds/external/nitro-engine/lib/libNE.a(NEPolygon.c.o)
                              /opt/blocksds/external/nitro-engine/lib/libNE.a(NEGeneral.c.o) (NE_LightOff)
/opt/blocksds/external/nitro-engine/lib/libNE.a(NEText.c.o)
                              /opt/blocksds/external/nitro-engine/lib/libNE.a(NEGeneral.c.o) (NE_TextPriorityReset)
/opt/blocksds/external/nitro-engine/lib/libNE.a(NETexture.c.o)
                              build/source/main.cpp.o (NE_MaterialCreate)
/opt/blocksds/external/nitro-engine/lib/libNE.a(dsma.c.o)
                              /opt/blocksds/external/nitro-engine/lib/libNE.a(NEModel.c.o) (DSMA_DrawModel)
/opt/blocksds/external/nitro-engine/lib/libNE.a(NE2D.c.o)
                              /opt/blocksds/external/nitro-engine/lib/libNE.a(NEGeneral.c.o) (NE_SpriteSystemReset)
/opt/blocksds/external/nitro-engine/lib/libNE.a(NEAlloc.c.o)
                              /opt/blocksds/external/nitro-engine/lib/libNE.a(NETexture.c.o) (NE_AllocInit)
/opt/blocksds/external/nitro-engine/lib/libNE.a(NEPalette.c.o)
                              /opt/blocksds/external/nitro-engine/lib/libNE.a(NETexture.c.o) (NE_PaletteUse)
/opt/blocksds/external/nflib/lib/libnflib.a(nf_2d.c.o)
                              build/source/main.cpp.o (NF_Set2D)
/opt/blocksds/external/nflib/lib/libnflib.a(nf_basic.c.o)
                              /opt/blocksds/external/nflib/lib/libnflib.a(nf_2d.c.o) (NF_Error)
/opt/blocksds/external/nflib/lib/libnflib.a(nf_sprite256.c.o)
                              build/source/main.cpp.o (NF_InitSpriteBuffers)
/opt/blocksds/external/nflib/lib/libnflib.a(nf_text.c.o)
                              build/source/main.cpp.o (NF_InitTextSys)
/opt/blocksds/external/nflib/lib/libnflib.a(nf_tiledbg.c.o)
                              build/source/main.cpp.o (NF_InitTiledBgBuffers)
/opt/blocksds/core/libs/libnds/lib/libnds9.a(cp15.s.o)
                              /opt/blocksds/external/nitro-engine/lib/libNE.a(NEFAT.c.o) (CP15_CleanAndFlushDcache)
/opt/blocksds/core/libs/libnds/lib/libnds9.a(mpu_setup.s.o)
                              /opt/blocksds/core/sys/crts/ds_arm9_crt0.o (__libnds_mpu_setup)
/opt/blocksds/core/libs/libnds/lib/libnds9.a(IntrWait.s.o)
                              build/source/main.cpp.o (swiWaitForVBlank)
/opt/blocksds/core/libs/libnds/lib/libnds9.a(biosCalls.s.o)
                              /opt/blocksds/external/nitro-engine/lib/libNE.a(NETexture.c.o) (swiCopy)
/opt/blocksds/core/libs/libnds/lib/libnds9.a(memcpy.s.o)
                              /opt/blocksds/external/nitro-engine/lib/libNE.a(NEModel.c.o) (memcpy)
/opt/blocksds/core/libs/libnds/lib/libnds9.a(memset.s.o)
                              /opt/blocksds/external/nitro-engine/lib/libNE.a(NEModel.c.o) (memset)
/opt/blocksds/core/libs/libnds/lib/libnds9.a(cache.c.o)
                              /opt/blocksds/external/nitro-engine/lib/libNE.a(NEModel.c.o) (CP15_CleanAndFlushDcacheRange)
/opt/blocksds/core/libs/libnds/lib/libnds9.a(system.c.o)
                              /opt/blocksds/external/nitro-engine/lib/libNE.a(NEGeneral.c.o) (powerOn)
/opt/blocksds/core/libs/libnds/lib/libnds9.a(securearea.c.o)
                              /opt/blocksds/core/sys/crts/ds_arm9_crt0.o (__secure_area__)
/opt/blocksds/core/libs/libnds/lib/libnds9.a(initSystem.c.o)
                              /opt/blocksds/core/sys/crts/ds_arm9_crt0.o (initSystem)
/opt/blocksds/core/libs/libnds/lib/libnds9.a(keys.c.o)
                              build/source/main.cpp.o (scanKeys)
/opt/blocksds/core/libs/libnds/lib/libnds9.a(sassert.c.o)
                              /opt/blocksds/external/nitro-engine/lib/libNE.a(NEModel.c.o) (__sassert)
/opt/blocksds/core/libs/libnds/lib/libnds9.a(sbrk.c.o)
                              /opt/blocksds/core/sys/crts/ds_arm9_crt0.o (fake_heap_start)
[...]
Memory Configuration

Name             Origin             Length             Attributes
ewram            0x02000000         0x00380000
dtcm             0x02ff0000         0x00004000
vectors          0x01000000         0x00000100
itcm             0x01000100         0x00007f00
*default*        0x00000000         0xffffffff

Linker script and memory map

LOAD build/source/main.cpp.o
LOAD /opt/blocksds/core/sys/crts/ds_arm9_crt0.o
START GROUP
LOAD /opt/blocksds/external/nitro-engine/lib/libNE.a
LOAD /opt/blocksds/external/nflib/lib/libnflib.a
LOAD /opt/blocksds/core/libs/libnds/lib/libnds9.a
LOAD /opt/wonderful/toolchain/gcc-arm-none-eabi/lib/gcc/arm-none-eabi/13.1.0/../../../../arm-none-eabi/lib/libc.a
LOAD /opt/wonderful/toolchain/gcc-arm-none-eabi/lib/gcc/arm-none-eabi/13.1.0/thumb/libgcc.a
END GROUP
                0x02380000                        __ewram_end = (ORIGIN (ewram) + LENGTH (ewram))
                0x02380000                        __eheap_end = (ORIGIN (ewram) + LENGTH (ewram))
                0x02ff4000                        __dtcm_top = (ORIGIN (dtcm) + LENGTH (dtcm))
                0x02ff3ff8                        __irq_flags = (__dtcm_top - 0x8)
                0x02ff3ffc                        __irq_vector = (__dtcm_top - 0x4)
                0x02ff3f00                        __sp_svc = (__dtcm_top - 0x100)
                0x02ff3e00                        __sp_irq = (__sp_svc - 0x100)
                0x02ff3d00                        __sp_usr = (__sp_irq - 0x100)

.secure         0x02000000      0x800
 *(.secure)
 .secure        0x02000000      0x800 /opt/blocksds/core/libs/libnds/lib/libnds9.a(securearea.c.o)
                0x02000000                __secure_area__

.crt0           0x02000800      0x308
                0x02000800                        __text_start = .
 *(.crt0)
 .crt0          0x02000800      0x308 /opt/blocksds/core/sys/crts/ds_arm9_crt0.o
                0x02000800                _start
                0x02000b08                        . = ALIGN (0x4)

.plt
 *(.plt)

.init
 *(SORT_NONE(.init))

.text           0x02000b40    0x15218
 *(EXCLUDE_FILE(*.twl* *.vectors* *.itcm*) .text)
 .text          0x02000b40     0x4000 /opt/blocksds/core/libs/libnds/lib/libnds9.a(dldi_stub.s.o)
                0x02000b40                _io_dldi_stub
 .text          0x02004b40       0x14 /opt/wonderful/toolchain/gcc-arm-none-eabi/lib/gcc/arm-none-eabi/13.1.0/../../../../arm-none-eabi/lib/libc.a(strcmp.S.o)
                0x02004b40                strcmp
 .text          0x02004b54        0xe /opt/wonderful/toolchain/gcc-arm-none-eabi/lib/gcc/arm-none-eabi/13.1.0/../../../../arm-none-eabi/lib/libc.a(strlen.S.o)
                0x02004b54                strlen
 .text          0x02004b62       0x10 /opt/wonderful/toolchain/gcc-arm-none-eabi/lib/gcc/arm-none-eabi/13.1.0/../../../../arm-none-eabi/lib/libc.a(strcpy.S.o)
                0x02004b62                strcpy
 *fill*         0x02004b72        0x2 ff
 .text          0x02004b74       0x14 /opt/wonderful/toolchain/gcc-arm-none-eabi/lib/gcc/arm-none-eabi/13.1.0/thumb/libgcc.a(_thumb1_case_uqi.o)
                0x02004b74                __gnu_thumb1_case_uqi
 .text          0x02004b88       0x14 /opt/wonderful/toolchain/gcc-arm-none-eabi/lib/gcc/arm-none-eabi/13.1.0/thumb/libgcc.a(_thumb1_case_uhi.o)
                0x02004b88                __gnu_thumb1_case_uhi
 .text          0x02004b9c      0x11c /opt/wonderful/toolchain/gcc-arm-none-eabi/lib/gcc/arm-none-eabi/13.1.0/thumb/libgcc.a(_udivsi3.o)
                0x02004b9c                __udivsi3
                0x02004b9c                __aeabi_uidiv
                0x02004c98                __aeabi_uidivmod
 .text          0x02004cb8      0x150 /opt/wonderful/toolchain/gcc-arm-none-eabi/lib/gcc/arm-none-eabi/13.1.0/thumb/libgcc.a(_divsi3.o)
                0x02004cb8                __aeabi_idiv
                0x02004cb8                __divsi3
                0x02004de8                __aeabi_idivmod
 .text          0x02004e08        0x4 /opt/wonderful/toolchain/gcc-arm-none-eabi/lib/gcc/arm-none-eabi/13.1.0/thumb/libgcc.a(_dvmd_tls.o)
                0x02004e08                __aeabi_ldiv0
                0x02004e08                __aeabi_idiv0
 .text          0x02004e0c       0x18 /opt/wonderful/toolchain/gcc-arm-none-eabi/lib/gcc/arm-none-eabi/13.1.0/thumb/libgcc.a(_lshrdi3.o)
                0x02004e0c                __aeabi_llsr
                0x02004e0c                __lshrdi3
 .text          0x02004e24       0x1c /opt/wonderful/toolchain/gcc-arm-none-eabi/lib/gcc/arm-none-eabi/13.1.0/thumb/libgcc.a(_ashrdi3.o)
                0x02004e24                __ashrdi3
                0x02004e24                __aeabi_lasr
 .text          0x02004e40       0x18 /opt/wonderful/toolchain/gcc-arm-none-eabi/lib/gcc/arm-none-eabi/13.1.0/thumb/libgcc.a(_ashldi3.o)
                0x02004e40                __ashldi3
                0x02004e40                __aeabi_llsl
 .text          0x02004e58      0x424 /opt/wonderful/toolchain/gcc-arm-none-eabi/lib/gcc/arm-none-eabi/13.1.0/thumb/libgcc.a(_arm_addsubdf3.o)
                0x02004e58                __aeabi_drsub
                0x02004e60                __subdf3
                0x02004e60                __aeabi_dsub
                0x02004e64                __adddf3
                0x02004e64                __aeabi_dadd
                0x02005174                __aeabi_ui2d
                0x02005174                __floatunsidf
                0x02005198                __floatsidf
                0x02005198                __aeabi_i2d
                0x020051c0                __extendsfdf2
                0x020051c0                __aeabi_f2d
                0x02005208                __aeabi_ul2d
                0x02005208                __floatundidf
                0x0200521c                __aeabi_l2d
                0x0200521c                __floatdidf
 .text          0x0200527c       0xa0 /opt/wonderful/toolchain/gcc-arm-none-eabi/lib/gcc/arm-none-eabi/13.1.0/thumb/libgcc.a(_arm_truncdfsf2.o)
                0x0200527c                __aeabi_d2f
                0x0200527c                __truncdfsf2
 .text          0x0200531c      0x2ac /opt/wonderful/toolchain/gcc-arm-none-eabi/lib/gcc/arm-none-eabi/13.1.0/thumb/libgcc.a(_arm_addsubsf3.o)
                0x0200531c                __aeabi_frsub
                0x02005324                __subsf3
                0x02005324                __aeabi_fsub
                0x02005328                __aeabi_fadd
                0x02005328                __addsf3
                0x020054e4                __floatunsisf
                0x020054e4                __aeabi_ui2f
                0x020054ec                __floatsisf
                0x020054ec                __aeabi_i2f
                0x0200550c                __floatundisf
                0x0200550c                __aeabi_ul2f
                0x0200551c                __floatdisf
                0x0200551c                __aeabi_l2f
 .text          0x020055c8      0x114 /opt/wonderful/toolchain/gcc-arm-none-eabi/lib/gcc/arm-none-eabi/13.1.0/thumb/libgcc.a(_arm_cmpsf2.o)
                0x020055c8                __gtsf2
                0x020055c8                __gesf2
                0x020055d0                __lesf2
                0x020055d0                __ltsf2
                0x020055d8                __nesf2
                0x020055d8                __cmpsf2
                0x020055d8                __eqsf2
                0x0200563c                __aeabi_cfrcmple
                0x0200564c                __aeabi_cfcmpeq
                0x0200564c                __aeabi_cfcmple
                0x02005664                __aeabi_fcmpeq
                0x0200567c                __aeabi_fcmplt
                0x02005694                __aeabi_fcmple
                0x020056ac                __aeabi_fcmpge
                0x020056c4                __aeabi_fcmpgt
 .text          0x020056dc       0x5c /opt/wonderful/toolchain/gcc-arm-none-eabi/lib/gcc/arm-none-eabi/13.1.0/thumb/libgcc.a(_arm_fixsfsi.o)
                0x020056dc                __fixsfsi
                0x020056dc                __aeabi_f2iz
 .text          0x02005738       0x48 /opt/wonderful/toolchain/gcc-arm-none-eabi/lib/gcc/arm-none-eabi/13.1.0/thumb/libgcc.a(_clzsi2.o)
                0x02005738                __clzsi2
 .text          0x02005780       0x28 /opt/wonderful/toolchain/gcc-arm-none-eabi/lib/gcc/arm-none-eabi/13.1.0/thumb/libgcc.a(_clzdi2.o)
                0x02005780                __clzdi2
 .text          0x020057a8       0xd4 /opt/wonderful/toolchain/gcc-arm-none-eabi/lib/gcc/arm-none-eabi/13.1.0/thumb/libgcc.a(_aeabi_ldivmod.o)
                0x020057a8                __aeabi_ldivmod
 .text          0x0200587c       0x3c /opt/wonderful/toolchain/gcc-arm-none-eabi/lib/gcc/arm-none-eabi/13.1.0/thumb/libgcc.a(_aeabi_uldivmod.o)
                0x0200587c                __aeabi_uldivmod
 .text          0x020058b8       0x64 /opt/wonderful/toolchain/gcc-arm-none-eabi/lib/gcc/arm-none-eabi/13.1.0/thumb/libgcc.a(_muldi3.o)
                0x020058b8                __aeabi_lmul
                0x020058b8                __muldi3
 .text          0x0200591c      0x19c /opt/wonderful/toolchain/gcc-arm-none-eabi/lib/gcc/arm-none-eabi/13.1.0/thumb/libgcc.a(_udivmoddi4.o)
                0x0200591c                __udivmoddi4
 *(EXCLUDE_FILE(*.twl* *.vectors* *.itcm*) .stub)
 *(EXCLUDE_FILE(*.twl* *.vectors* *.itcm*) .text.*)
 .text._Z11Draw3DScenev
                0x02005ab8      0x1ac build/source/main.cpp.o
                0x02005ab8                _Z11Draw3DScenev
 .text._Z22LoadAndSetupGraphics3Dv
                0x02005c64      0x1e4 build/source/main.cpp.o
                0x02005c64                _Z22LoadAndSetupGraphics3Dv
 .text._Z22LoadAndSetupGraphics2Dv
                0x02005e48       0x54 build/source/main.cpp.o
                0x02005e48                _Z22LoadAndSetupGraphics2Dv
 .text.startup.main
                0x02005e9c      0x194 build/source/main.cpp.o
                0x02005e9c                main
 .text.startup._GLOBAL__sub_I_camera
                0x02006030       0x20 build/source/main.cpp.o
 .text.NE_AnimationDelete.part.0
                0x02006050       0x44 /opt/blocksds/external/nitro-engine/lib/libNE.a(NEAnimation.c.o)
 .text.NE_AnimationCreate
                0x02006094       0x48 /opt/blocksds/external/nitro-engine/lib/libNE.a(NEAnimation.c.o)
                0x02006094                NE_AnimationCreate
 .text.NE_AnimationLoadFAT
                0x020060dc       0x54 /opt/blocksds/external/nitro-engine/lib/libNE.a(NEAnimation.c.o)
                0x020060dc                NE_AnimationLoadFAT
 .text.NE_AnimationSystemReset
                0x02006130       0x90 /opt/blocksds/external/nitro-engine/lib/libNE.a(NEAnimation.c.o)
                0x02006130                NE_AnimationSystemReset
 .text.NE_AnimationSystemEnd
                0x020061c0       0x44 /opt/blocksds/external/nitro-engine/lib/libNE.a(NEAnimation.c.o)
                0x020061c0                NE_AnimationSystemEnd
 .text.NE_CameraSystemEnd.part.0
                0x02006204       0x68 /opt/blocksds/external/nitro-engine/lib/libNE.a(NECamera.c.o)
 .text.NE_CameraCreate
                0x0200626c       0x54 /opt/blocksds/external/nitro-engine/lib/libNE.a(NECamera.c.o)
                0x0200626c                NE_CameraCreate
 .text.NE_CameraSetI
                0x020062c0       0x28 /opt/blocksds/external/nitro-engine/lib/libNE.a(NECamera.c.o)
                0x020062c0                NE_CameraSetI
 .text.NE_CameraUse
                0x020062e8      0x4c4 /opt/blocksds/external/nitro-engine/lib/libNE.a(NECamera.c.o)
                0x020062e8                NE_CameraUse
 .text.NE_CameraMoveI
                0x020067ac       0x30 /opt/blocksds/external/nitro-engine/lib/libNE.a(NECamera.c.o)
                0x020067ac                NE_CameraMoveI
 .text.NE_CameraSystemReset
                0x020067dc       0x48 /opt/blocksds/external/nitro-engine/lib/libNE.a(NECamera.c.o)
                0x020067dc                NE_CameraSystemReset
 .text.NE_CameraSystemEnd
                0x02006824       0x14 /opt/blocksds/external/nitro-engine/lib/libNE.a(NECamera.c.o)
                0x02006824                NE_CameraSystemEnd
 .text.NE_FATLoadData
                0x02006838       0x44 /opt/blocksds/external/nitro-engine/lib/libNE.a(NEFAT.c.o)
                0x02006838                NE_FATLoadData
 .text.glFrustumf32
                0x0200687c      0x160 /opt/blocksds/external/nitro-engine/lib/libNE.a(NEGeneral.c.o)
 .text.ne_systems_reset_all
                0x020069dc       0x84 /opt/blocksds/external/nitro-engine/lib/libNE.a(NEGeneral.c.o)
 .text.NE_End.part.0
                0x02006a60       0xcc /opt/blocksds/external/nitro-engine/lib/libNE.a(NEGeneral.c.o)
 .text.NE_Viewport
                0x02006b2c      0x114 /opt/blocksds/external/nitro-engine/lib/libNE.a(NEGeneral.c.o)
                0x02006b2c                NE_Viewport
 .text.ne_init_registers
                0x02006c40      0x1a0 /opt/blocksds/external/nitro-engine/lib/libNE.a(NEGeneral.c.o)
 .text.NE_Init3D
                0x02006de0       0x64 /opt/blocksds/external/nitro-engine/lib/libNE.a(NEGeneral.c.o)
                0x02006de0                NE_Init3D
 .text.NE_Process
                0x02006e44      0x148 /opt/blocksds/external/nitro-engine/lib/libNE.a(NEGeneral.c.o)
                0x02006e44                NE_Process
 .text.NE_VBLFunc
                0x02006f8c       0x48 /opt/blocksds/external/nitro-engine/lib/libNE.a(NEGeneral.c.o)
                0x02006f8c                NE_VBLFunc
 .text.NE_HBLFunc
                0x02006fd4       0xb0 /opt/blocksds/external/nitro-engine/lib/libNE.a(NEGeneral.c.o)
                0x02006fd4                NE_HBLFunc
 .text.NE_WaitForVBL
                0x02007084       0x84 /opt/blocksds/external/nitro-engine/lib/libNE.a(NEGeneral.c.o)
                0x02007084                NE_WaitForVBL
 .text.NE_ResetRadioButtonGroup
                0x02007108       0x3c /opt/blocksds/external/nitro-engine/lib/libNE.a(NEGUI.c.o)
 .text.NE_GUIDeleteAll.part.0
                0x02007144       0x38 /opt/blocksds/external/nitro-engine/lib/libNE.a(NEGUI.c.o)
 .text.NE_GUIUpdate
                0x0200717c      0x59c /opt/blocksds/external/nitro-engine/lib/libNE.a(NEGUI.c.o)
                0x0200717c                NE_GUIUpdate
 .text.NE_GUISystemReset
                0x02007718       0x54 /opt/blocksds/external/nitro-engine/lib/libNE.a(NEGUI.c.o)
                0x02007718                NE_GUISystemReset
 .text.NE_GUISystemEnd
                0x0200776c       0x24 /opt/blocksds/external/nitro-engine/lib/libNE.a(NEGUI.c.o)
                0x0200776c                NE_GUISystemEnd
 .text.NE_ModelDelete.part.0
                0x02007790       0x7c /opt/blocksds/external/nitro-engine/lib/libNE.a(NEModel.c.o)
 .text.NE_ModelCreate
                0x0200780c       0x80 /opt/blocksds/external/nitro-engine/lib/libNE.a(NEModel.c.o)
                0x0200780c                NE_ModelCreate
 .text.NE_ModelLoadStaticMeshFAT
                0x0200788c       0x9c /opt/blocksds/external/nitro-engine/lib/libNE.a(NEModel.c.o)
                0x0200788c                NE_ModelLoadStaticMeshFAT
 .text.NE_ModelSetMaterial
                0x02007928        0x4 /opt/blocksds/external/nitro-engine/lib/libNE.a(NEModel.c.o)
                0x02007928                NE_ModelSetMaterial
 .text.NE_ModelSetAnimation
                0x0200792c       0x14 /opt/blocksds/external/nitro-engine/lib/libNE.a(NEModel.c.o)
                0x0200792c                NE_ModelSetAnimation
 .text.NE_ModelDraw
                0x02007940      0x224 /opt/blocksds/external/nitro-engine/lib/libNE.a(NEModel.c.o)
                0x02007940                NE_ModelDraw
 .text.NE_ModelScaleI
                0x02007b64        0x8 /opt/blocksds/external/nitro-engine/lib/libNE.a(NEModel.c.o)
                0x02007b64                NE_ModelScaleI
 .text.NE_ModelTranslateI
                0x02007b6c       0x18 /opt/blocksds/external/nitro-engine/lib/libNE.a(NEModel.c.o)
                0x02007b6c                NE_ModelTranslateI
 .text.NE_ModelSetRot
                0x02007b84        0x8 /opt/blocksds/external/nitro-engine/lib/libNE.a(NEModel.c.o)
                0x02007b84                NE_ModelSetRot
 .text.NE_ModelAnimateAll
                0x02007b8c       0xa0 /opt/blocksds/external/nitro-engine/lib/libNE.a(NEModel.c.o)
                0x02007b8c                NE_ModelAnimateAll
 .text.NE_ModelAnimStart
                0x02007c2c        0xc /opt/blocksds/external/nitro-engine/lib/libNE.a(NEModel.c.o)
                0x02007c2c                NE_ModelAnimStart
 .text.NE_ModelLoadDSMFAT
                0x02007c38       0x9c /opt/blocksds/external/nitro-engine/lib/libNE.a(NEModel.c.o)
                0x02007c38                NE_ModelLoadDSMFAT
 .text.NE_ModelSystemReset
                0x02007cd4       0xbc /opt/blocksds/external/nitro-engine/lib/libNE.a(NEModel.c.o)
                0x02007cd4                NE_ModelSystemReset
 .text.NE_ModelSystemEnd
                0x02007d90       0x50 /opt/blocksds/external/nitro-engine/lib/libNE.a(NEModel.c.o)
                0x02007d90                NE_ModelSystemEnd
 .text.NE_PhysicsUpdate.part.0
                0x02007de0      0x484 /opt/blocksds/external/nitro-engine/lib/libNE.a(NEPhysics.c.o)
 .text.NE_PhysicsDeleteAll.part.0
                0x02008264       0x5c /opt/blocksds/external/nitro-engine/lib/libNE.a(NEPhysics.c.o)
 .text.NE_PhysicsSystemReset
                0x020082c0       0x54 /opt/blocksds/external/nitro-engine/lib/libNE.a(NEPhysics.c.o)
                0x020082c0                NE_PhysicsSystemReset
 .text.NE_PhysicsSystemEnd
                0x02008314       0x24 /opt/blocksds/external/nitro-engine/lib/libNE.a(NEPhysics.c.o)
                0x02008314                NE_PhysicsSystemEnd
 .text.NE_PhysicsUpdateAll
                0x02008338       0x40 /opt/blocksds/external/nitro-engine/lib/libNE.a(NEPhysics.c.o)
                0x02008338                NE_PhysicsUpdateAll
 .text.NE_LightOff
                0x02008378       0x14 /opt/blocksds/external/nitro-engine/lib/libNE.a(NEPolygon.c.o)
                0x02008378                NE_LightOff
 .text.NE_LightSetColor
                0x0200838c       0x10 /opt/blocksds/external/nitro-engine/lib/libNE.a(NEPolygon.c.o)
                0x0200838c                NE_LightSetColor
 .text.NE_LightSetI
                0x0200839c       0x38 /opt/blocksds/external/nitro-engine/lib/libNE.a(NEPolygon.c.o)
                0x0200839c                NE_LightSetI
 .text.NE_ShininessTableGenerate
                0x020083d4       0xa4 /opt/blocksds/external/nitro-engine/lib/libNE.a(NEPolygon.c.o)
                0x020083d4                NE_ShininessTableGenerate
 .text.NE_PolyFormat
                0x02008478       0x1c /opt/blocksds/external/nitro-engine/lib/libNE.a(NEPolygon.c.o)
                0x02008478                NE_PolyFormat
 .text.NE_OutliningSetColor
                0x02008494       0x14 /opt/blocksds/external/nitro-engine/lib/libNE.a(NEPolygon.c.o)
                0x02008494                NE_OutliningSetColor
 .text.NE_ShadingEnable
                0x020084a8       0x44 /opt/blocksds/external/nitro-engine/lib/libNE.a(NEPolygon.c.o)
                0x020084a8                NE_ShadingEnable
 .text.NE_FogEnableBackground
                0x020084ec       0x28 /opt/blocksds/external/nitro-engine/lib/libNE.a(NEPolygon.c.o)
                0x020084ec                NE_FogEnableBackground
 .text.NE_ClearColorSet
                0x02008514       0x38 /opt/blocksds/external/nitro-engine/lib/libNE.a(NEPolygon.c.o)
                0x02008514                NE_ClearColorSet
 .text.NE_ClearBMPEnable
                0x0200854c       0x50 /opt/blocksds/external/nitro-engine/lib/libNE.a(NEPolygon.c.o)
                0x0200854c                NE_ClearBMPEnable
 .text.NE_TextPriorityReset
                0x0200859c        0xc /opt/blocksds/external/nitro-engine/lib/libNE.a(NEText.c.o)
                0x0200859c                NE_TextPriorityReset
 .text.NE_TextResetSystem
                0x020085a8       0x1c /opt/blocksds/external/nitro-engine/lib/libNE.a(NEText.c.o)
                0x020085a8                NE_TextResetSystem
 .text.ne_texture_delete
                0x020085c4       0x94 /opt/blocksds/external/nitro-engine/lib/libNE.a(NETexture.c.o)
 .text.NE_TextureSystemEnd.part.0
                0x02008658       0x5c /opt/blocksds/external/nitro-engine/lib/libNE.a(NETexture.c.o)
 .text.NE_MaterialCreate
                0x020086b4       0x6c /opt/blocksds/external/nitro-engine/lib/libNE.a(NETexture.c.o)
                0x020086b4                NE_MaterialCreate
 .text.NE_MaterialTexLoad
                0x02008720      0x400 /opt/blocksds/external/nitro-engine/lib/libNE.a(NETexture.c.o)
                0x02008720                NE_MaterialTexLoad
 .text.NE_MaterialTexLoadFAT
                0x02008b20       0x44 /opt/blocksds/external/nitro-engine/lib/libNE.a(NETexture.c.o)
                0x02008b20                NE_MaterialTexLoadFAT
 .text.NE_MaterialUse
                0x02008b64       0x74 /opt/blocksds/external/nitro-engine/lib/libNE.a(NETexture.c.o)
                0x02008b64                NE_MaterialUse
 .text.NE_TextureSystemReset
                0x02008bd8      0x1c0 /opt/blocksds/external/nitro-engine/lib/libNE.a(NETexture.c.o)
                0x02008bd8                NE_TextureSystemReset
 .text.NE_TextureSystemEnd
                0x02008d98       0x14 /opt/blocksds/external/nitro-engine/lib/libNE.a(NETexture.c.o)
                0x02008d98                NE_TextureSystemEnd
 .text.NE_MaterialSetDefaultPropierties
                0x02008dac       0x40 /opt/blocksds/external/nitro-engine/lib/libNE.a(NETexture.c.o)
                0x02008dac                NE_MaterialSetDefaultPropierties
 .text.DSMA_GetNumFrames
                0x02008dec        0x4 /opt/blocksds/external/nitro-engine/lib/libNE.a(dsma.c.o)
                0x02008dec                DSMA_GetNumFrames
 .text.NE_SpriteDeleteAll.part.0
                0x02008df0       0x5c /opt/blocksds/external/nitro-engine/lib/libNE.a(NE2D.c.o)
 .text.NE_SpriteSystemReset
                0x02008e4c       0x54 /opt/blocksds/external/nitro-engine/lib/libNE.a(NE2D.c.o)
                0x02008e4c                NE_SpriteSystemReset
 .text.NE_SpriteSystemEnd
                0x02008ea0       0x24 /opt/blocksds/external/nitro-engine/lib/libNE.a(NE2D.c.o)
                0x02008ea0                NE_SpriteSystemEnd
 .text.NE_Free.part.0
                0x02008ec4       0x84 /opt/blocksds/external/nitro-engine/lib/libNE.a(NEAlloc.c.o)
 .text.NE_AllocInit
                0x02008f48       0x44 /opt/blocksds/external/nitro-engine/lib/libNE.a(NEAlloc.c.o)
                0x02008f48                NE_AllocInit
 .text.NE_AllocEnd
                0x02008f8c       0x28 /opt/blocksds/external/nitro-engine/lib/libNE.a(NEAlloc.c.o)
                0x02008f8c                NE_AllocEnd
 .text.NE_AllocFindInRange
                0x02008fb4       0x5c /opt/blocksds/external/nitro-engine/lib/libNE.a(NEAlloc.c.o)
                0x02008fb4                NE_AllocFindInRange
 .text.NE_AllocAddress
                0x02009010       0xf4 /opt/blocksds/external/nitro-engine/lib/libNE.a(NEAlloc.c.o)
                0x02009010                NE_AllocAddress
 .text.NE_AllocFromEnd
                0x02009104       0x68 /opt/blocksds/external/nitro-engine/lib/libNE.a(NEAlloc.c.o)
                0x02009104                NE_AllocFromEnd
 .text.NE_Free  0x0200916c       0x14 /opt/blocksds/external/nitro-engine/lib/libNE.a(NEAlloc.c.o)
                0x0200916c                NE_Free
 .text.NE_Lock  0x02009180       0x30 /opt/blocksds/external/nitro-engine/lib/libNE.a(NEAlloc.c.o)
                0x02009180                NE_Lock
 .text.NE_PaletteSystemEnd.part.0
                0x020091b0       0x54 /opt/blocksds/external/nitro-engine/lib/libNE.a(NEPalette.c.o)
 .text.NE_PaletteUse
                0x02009204       0x28 /opt/blocksds/external/nitro-engine/lib/libNE.a(NEPalette.c.o)
                0x02009204                NE_PaletteUse
 .text.NE_PaletteSystemReset
                0x0200922c       0x88 /opt/blocksds/external/nitro-engine/lib/libNE.a(NEPalette.c.o)
                0x0200922c                NE_PaletteSystemReset
 .text.NE_PaletteSystemEnd
                0x020092b4       0x14 /opt/blocksds/external/nitro-engine/lib/libNE.a(NEPalette.c.o)
                0x020092b4                NE_PaletteSystemEnd
 .text.NF_Set2D
                0x020092c8       0x64 /opt/blocksds/external/nflib/lib/libnflib.a(nf_2d.c.o)
                0x020092c8                NF_Set2D
 .text.NF_ShowBg
                0x0200932c       0x74 /opt/blocksds/external/nflib/lib/libnflib.a(nf_2d.c.o)
                0x0200932c                NF_ShowBg
 .text.NF_HideBg
                0x020093a0       0x9c /opt/blocksds/external/nflib/lib/libnflib.a(nf_2d.c.o)
                0x020093a0                NF_HideBg
 .text.NF_ScrollBg
                0x0200943c      0x2fc /opt/blocksds/external/nflib/lib/libnflib.a(nf_2d.c.o)
                0x0200943c                NF_ScrollBg
 .text.NF_Error
                0x02009738      0x2a4 /opt/blocksds/external/nflib/lib/libnflib.a(nf_basic.c.o)
                0x02009738                NF_Error
 .text.NF_SetRootFolder
                0x020099dc      0x1dc /opt/blocksds/external/nflib/lib/libnflib.a(nf_basic.c.o)
                0x020099dc                NF_SetRootFolder
 .text.NF_DmaMemCopy
                0x02009bb8       0x84 /opt/blocksds/external/nflib/lib/libnflib.a(nf_basic.c.o)
                0x02009bb8                NF_DmaMemCopy
 .text.NF_FileLoad
                0x02009c3c       0x7c /opt/blocksds/external/nflib/lib/libnflib.a(nf_basic.c.o)
                0x02009c3c                NF_FileLoad
 .text.NF_InitSpriteBuffers
                0x02009cb8       0x5c /opt/blocksds/external/nflib/lib/libnflib.a(nf_sprite256.c.o)
                0x02009cb8                NF_InitSpriteBuffers
 .text.NF_InitSpriteSys
                0x02009d14      0x210 /opt/blocksds/external/nflib/lib/libnflib.a(nf_sprite256.c.o)
                0x02009d14                NF_InitSpriteSys
 .text.NF_SpriteOamSet
                0x02009f24       0xc4 /opt/blocksds/external/nflib/lib/libnflib.a(nf_sprite256.c.o)
                0x02009f24                NF_SpriteOamSet
 .text.NF_InitTextSys
                0x02009fe8       0x34 /opt/blocksds/external/nflib/lib/libnflib.a(nf_text.c.o)
                0x02009fe8                NF_InitTextSys
 .text.NF_LoadTextFont
                0x0200a01c      0x1b0 /opt/blocksds/external/nflib/lib/libnflib.a(nf_text.c.o)
                0x0200a01c                NF_LoadTextFont
 .text.NF_CreateTextLayer
                0x0200a1cc       0x8c /opt/blocksds/external/nflib/lib/libnflib.a(nf_text.c.o)
                0x0200a1cc                NF_CreateTextLayer
 .text.NF_WriteText
                0x0200a258      0x2d0 /opt/blocksds/external/nflib/lib/libnflib.a(nf_text.c.o)
                0x0200a258                NF_WriteText
 .text.NF_UpdateTextLayers
                0x0200a528       0x4c /opt/blocksds/external/nflib/lib/libnflib.a(nf_text.c.o)
                0x0200a528                NF_UpdateTextLayers
 .text.NF_InitTiledBgBuffers
                0x0200a574       0x94 /opt/blocksds/external/nflib/lib/libnflib.a(nf_tiledbg.c.o)
                0x0200a574                NF_InitTiledBgBuffers
 .text.NF_InitTiledBgSys
                0x0200a608      0x120 /opt/blocksds/external/nflib/lib/libnflib.a(nf_tiledbg.c.o)
                0x0200a608                NF_InitTiledBgSys
 .text.NF_DeleteTiledBg
                0x0200a728      0x198 /opt/blocksds/external/nflib/lib/libnflib.a(nf_tiledbg.c.o)
                0x0200a728                NF_DeleteTiledBg
 .text.NF_CreateTiledBg
                0x0200a8c0      0x578 /opt/blocksds/external/nflib/lib/libnflib.a(nf_tiledbg.c.o)
                0x0200a8c0                NF_CreateTiledBg
 .text.NF_GetTileMapAddress
                0x0200ae38       0x88 /opt/blocksds/external/nflib/lib/libnflib.a(nf_tiledbg.c.o)
                0x0200ae38                NF_GetTileMapAddress
 .text.NF_SetTileOfMap
                0x0200aec0       0x40 /opt/blocksds/external/nflib/lib/libnflib.a(nf_tiledbg.c.o)
                0x0200aec0                NF_SetTileOfMap
 .text.NF_UpdateVramMap
                0x0200af00       0xf8 /opt/blocksds/external/nflib/lib/libnflib.a(nf_tiledbg.c.o)
                0x0200af00                NF_UpdateVramMap
 .text.NF_RotateTileGfx
                0x0200aff8      0x104 /opt/blocksds/external/nflib/lib/libnflib.a(nf_tiledbg.c.o)
                0x0200aff8                NF_RotateTileGfx
 .text.__libnds_mpu_setup
                0x0200b0fc      0x160 /opt/blocksds/core/libs/libnds/lib/libnds9.a(mpu_setup.s.o)
                0x0200b0fc                __libnds_mpu_setup
 .text.memUncached
                0x0200b25c       0x20 /opt/blocksds/core/libs/libnds/lib/libnds9.a(mpu_setup.s.o)
                0x0200b25c                memUncached
 .text.swiWaitForVBlank
                0x0200b27c        0x8 /opt/blocksds/core/libs/libnds/lib/libnds9.a(IntrWait.s.o)
                0x0200b27c                swiWaitForVBlank
 .text.swiIntrWait
                0x0200b284       0x70 /opt/blocksds/core/libs/libnds/lib/libnds9.a(IntrWait.s.o)
                0x0200b284                swiIntrWait
 .text.swiDelay
                0x0200b2f4        0x4 /opt/blocksds/core/libs/libnds/lib/libnds9.a(biosCalls.s.o)
                0x0200b2f4                swiDelay
 .text.swiCopy  0x0200b2f8        0x4 /opt/blocksds/core/libs/libnds/lib/libnds9.a(biosCalls.s.o)
                0x0200b2f8                swiCopy
 .text.swiWaitForIRQ
                0x0200b2fc        0x4 /opt/blocksds/core/libs/libnds/lib/libnds9.a(biosCalls.s.o)
                0x0200b2fc                swiWaitForIRQ
 .text.__aeabi_memcpy
                0x0200b300       0xdc /opt/blocksds/core/libs/libnds/lib/libnds9.a(memcpy.s.o)
                0x0200b300                __aeabi_memcpy
                0x0200b338                __aeabi_memcpy4
                0x0200b338                __aeabi_memcpy8
                0x0200b3a4                __ndsabi_memcpy2
                0x0200b3c8                __ndsabi_memcpy1
 .text.memcpy   0x0200b3dc       0x10 /opt/blocksds/core/libs/libnds/lib/libnds9.a(memcpy.s.o)
                0x0200b3dc                memcpy
 .text.__aeabi_memset
                0x0200b3ec       0xac /opt/blocksds/core/libs/libnds/lib/libnds9.a(memset.s.o)
                0x0200b3ec                __aeabi_memset
                0x0200b410                __aeabi_memset8
                0x0200b410                __aeabi_memset4
                0x0200b41c                __ndsabi_wordset4
                0x0200b420                __ndsabi_lwordset4
                0x0200b488                __ndsabi_memset1
 .text.memset   0x0200b498       0x1c /opt/blocksds/core/libs/libnds/lib/libnds9.a(memset.s.o)
                0x0200b498                memset
 .text.systemValueHandler
                0x0200b4b4       0x48 /opt/blocksds/core/libs/libnds/lib/libnds9.a(system.c.o)
                0x0200b4b4                systemValueHandler
 .text.systemMsgHandler
                0x0200b4fc       0x60 /opt/blocksds/core/libs/libnds/lib/libnds9.a(system.c.o)
                0x0200b4fc                systemMsgHandler
 .text.powerOn  0x0200b55c       0x2c /opt/blocksds/core/libs/libnds/lib/libnds9.a(system.c.o)
                0x0200b55c                powerOn
 .text.powerOff
                0x0200b588       0x28 /opt/blocksds/core/libs/libnds/lib/libnds9.a(system.c.o)
                0x0200b588                powerOff
 .text.initSystem
                0x0200b5b0      0x190 /opt/blocksds/core/libs/libnds/lib/libnds9.a(initSystem.c.o)
                0x0200b5b0                initSystem
 .text.scanKeys
                0x0200b740       0x8c /opt/blocksds/core/libs/libnds/lib/libnds9.a(keys.c.o)
                0x0200b740                scanKeys
 .text.keysHeld
                0x0200b7cc        0xc /opt/blocksds/core/libs/libnds/lib/libnds9.a(keys.c.o)
                0x0200b7cc                keysHeld
 .text.keysDown
                0x0200b7d8       0x14 /opt/blocksds/core/libs/libnds/lib/libnds9.a(keys.c.o)
                0x0200b7d8                keysDown
 .text.keysUp   0x0200b7ec       0x18 /opt/blocksds/core/libs/libnds/lib/libnds9.a(keys.c.o)
                0x0200b7ec                keysUp
 .text.keysCurrent
                0x0200b804       0x38 /opt/blocksds/core/libs/libnds/lib/libnds9.a(keys.c.o)
                0x0200b804                keysCurrent
 .text.__sassert
                0x0200b83c       0x64 /opt/blocksds/core/libs/libnds/lib/libnds9.a(sassert.c.o)
                0x0200b83c                __sassert
 .text.sbrk     0x0200b8a0       0x5c /opt/blocksds/core/libs/libnds/lib/libnds9.a(sbrk.c.o)
                0x0200b8a0                sbrk
 .text.build_argv
                0x0200b8fc       0x58 /opt/blocksds/core/libs/libnds/lib/libnds9.a(crt0_argv.c.o)
                0x0200b8fc                build_argv
 .text.open     0x0200b954       0xc8 /opt/blocksds/core/libs/libnds/lib/libnds9.a(filesystem.c.o)
                0x0200b954                open
 .text.read     0x0200ba1c       0x38 /opt/blocksds/core/libs/libnds/lib/libnds9.a(filesystem.c.o)
                0x0200ba1c                read
 .text.write    0x0200ba54       0x38 /opt/blocksds/core/libs/libnds/lib/libnds9.a(filesystem.c.o)
                0x0200ba54                write
 .text.close    0x0200ba8c       0x3c /opt/blocksds/core/libs/libnds/lib/libnds9.a(filesystem.c.o)
                0x0200ba8c                close
 .text.lseek    0x0200bac8       0x60 /opt/blocksds/core/libs/libnds/lib/libnds9.a(filesystem.c.o)
                0x0200bac8                lseek
 .text.access   0x0200bb28       0x70 /opt/blocksds/core/libs/libnds/lib/libnds9.a(filesystem.c.o)
                0x0200bb28                access
 .text.chdir    0x0200bb98       0xc0 /opt/blocksds/core/libs/libnds/lib/libnds9.a(chdir.c.o)
                0x0200bb98                chdir
 .text.fatfs_error_to_posix
                0x0200bc58       0x24 /opt/blocksds/core/libs/libnds/lib/libnds9.a(fatfs.c.o)
                0x0200bc58                fatfs_error_to_posix
 .text.get_dirname
                0x0200bc7c       0x6c /opt/blocksds/core/libs/libnds/lib/libnds9.a(fatfs.c.o)
                0x0200bc7c                get_dirname
 .text.fatGetDefaultCwd
                0x0200bce8       0x70 /opt/blocksds/core/libs/libnds/lib/libnds9.a(fatfs.c.o)
                0x0200bce8                fatGetDefaultCwd
 .text.fatInit.part.0
                0x0200bd58      0x108 /opt/blocksds/core/libs/libnds/lib/libnds9.a(fatfs.c.o)
 .text.fatInitDefault
                0x0200be60       0x20 /opt/blocksds/core/libs/libnds/lib/libnds9.a(fatfs.c.o)
                0x0200be60                fatInitDefault
 .text.nitroFSInit
                0x0200be80       0xa0 /opt/blocksds/core/libs/libnds/lib/libnds9.a(fatfs.c.o)
                0x0200be80                nitroFSInit
 .text.cache_init
                0x0200bf20       0x40 /opt/blocksds/core/libs/libnds/lib/libnds9.a(cache.c.o)
                0x0200bf20                cache_init
 .text.cache_sector_get
                0x0200bf60       0x50 /opt/blocksds/core/libs/libnds/lib/libnds9.a(cache.c.o)
                0x0200bf60                cache_sector_get
 .text.cache_sector_add
                0x0200bfb0      0x120 /opt/blocksds/core/libs/libnds/lib/libnds9.a(cache.c.o)
                0x0200bfb0                cache_sector_add
 .text.cache_sector_invalidate
                0x0200c0d0       0x3c /opt/blocksds/core/libs/libnds/lib/libnds9.a(cache.c.o)
                0x0200c0d0                cache_sector_invalidate
 .text.get_ldnumber
                0x0200c10c       0xdc /opt/blocksds/core/libs/libnds/lib/libnds9.a(ff.c.o)
 .text.put_utf  0x0200c1e8       0xec /opt/blocksds/core/libs/libnds/lib/libnds9.a(ff.c.o)
 .text.get_fileinfo
                0x0200c2d4      0x1c0 /opt/blocksds/core/libs/libnds/lib/libnds9.a(ff.c.o)
 .text.dir_clear
                0x0200c494      0x110 /opt/blocksds/core/libs/libnds/lib/libnds9.a(ff.c.o)
 .text.unlock_volume.part.0.isra.0
                0x0200c5a4        0x8 /opt/blocksds/core/libs/libnds/lib/libnds9.a(ff.c.o)
 .text.sync_fs  0x0200c5ac      0x11c /opt/blocksds/core/libs/libnds/lib/libnds9.a(ff.c.o)
 .text.move_window
                0x0200c6c8       0x68 /opt/blocksds/core/libs/libnds/lib/libnds9.a(ff.c.o)
 .text.put_fat.part.0
                0x0200c730      0x134 /opt/blocksds/core/libs/libnds/lib/libnds9.a(ff.c.o)
 .text.get_fat.isra.0
                0x0200c864       0xe0 /opt/blocksds/core/libs/libnds/lib/libnds9.a(ff.c.o)
 .text.remove_chain
                0x0200c944       0x90 /opt/blocksds/core/libs/libnds/lib/libnds9.a(ff.c.o)
 .text.create_chain
                0x0200c9d4      0x120 /opt/blocksds/core/libs/libnds/lib/libnds9.a(ff.c.o)
 .text.dir_next
                0x0200caf4       0xdc /opt/blocksds/core/libs/libnds/lib/libnds9.a(ff.c.o)
 .text.dir_sdi  0x0200cbd0       0x9c /opt/blocksds/core/libs/libnds/lib/libnds9.a(ff.c.o)
 .text.dir_find
                0x0200cc6c      0x1a8 /opt/blocksds/core/libs/libnds/lib/libnds9.a(ff.c.o)
 .text.follow_path
                0x0200ce14      0x50c /opt/blocksds/core/libs/libnds/lib/libnds9.a(ff.c.o)
 .text.dir_register
                0x0200d320      0x31c /opt/blocksds/core/libs/libnds/lib/libnds9.a(ff.c.o)
 .text.validate
                0x0200d63c       0x5c /opt/blocksds/core/libs/libnds/lib/libnds9.a(ff.c.o)
 .text.check_fs
                0x0200d698      0x168 /opt/blocksds/core/libs/libnds/lib/libnds9.a(ff.c.o)
 .text.mount_volume
                0x0200d800      0x3dc /opt/blocksds/core/libs/libnds/lib/libnds9.a(ff.c.o)
 .text.f_mount  0x0200dbdc       0xa4 /opt/blocksds/core/libs/libnds/lib/libnds9.a(ff.c.o)
                0x0200dbdc                f_mount
 .text.f_open   0x0200dc80      0x354 /opt/blocksds/core/libs/libnds/lib/libnds9.a(ff.c.o)
                0x0200dc80                f_open
 .text.f_read   0x0200dfd4      0x1f4 /opt/blocksds/core/libs/libnds/lib/libnds9.a(ff.c.o)
                0x0200dfd4                f_read
 .text.f_write  0x0200e1c8      0x24c /opt/blocksds/core/libs/libnds/lib/libnds9.a(ff.c.o)
                0x0200e1c8                f_write
 .text.f_sync   0x0200e414       0xe4 /opt/blocksds/core/libs/libnds/lib/libnds9.a(ff.c.o)
                0x0200e414                f_sync
 .text.f_close  0x0200e4f8       0x30 /opt/blocksds/core/libs/libnds/lib/libnds9.a(ff.c.o)
                0x0200e4f8                f_close
 .text.f_chdrive
                0x0200e528       0x24 /opt/blocksds/core/libs/libnds/lib/libnds9.a(ff.c.o)
                0x0200e528                f_chdrive
 .text.f_chdir  0x0200e54c       0xc4 /opt/blocksds/core/libs/libnds/lib/libnds9.a(ff.c.o)
                0x0200e54c                f_chdir
 .text.f_lseek  0x0200e610      0x1c8 /opt/blocksds/core/libs/libnds/lib/libnds9.a(ff.c.o)
                0x0200e610                f_lseek
 .text.f_stat   0x0200e7d8       0x90 /opt/blocksds/core/libs/libnds/lib/libnds9.a(ff.c.o)
                0x0200e7d8                f_stat
 .text.disk_status
                0x0200e868       0x18 /opt/blocksds/core/libs/libnds/lib/libnds9.a(diskio.c.o)
                0x0200e868                disk_status
 .text.disk_initialize
                0x0200e880       0xbc /opt/blocksds/core/libs/libnds/lib/libnds9.a(diskio.c.o)
                0x0200e880                disk_initialize
 .text.disk_read
                0x0200e93c      0x184 /opt/blocksds/core/libs/libnds/lib/libnds9.a(diskio.c.o)
                0x0200e93c                disk_read
 .text.disk_write
                0x0200eac0       0xc4 /opt/blocksds/core/libs/libnds/lib/libnds9.a(diskio.c.o)
                0x0200eac0                disk_write
 .text.disk_ioctl
                0x0200eb84       0x2c /opt/blocksds/core/libs/libnds/lib/libnds9.a(diskio.c.o)
                0x0200eb84                disk_ioctl
 .text.get_fattime
                0x0200ebb0       0x40 /opt/blocksds/core/libs/libnds/lib/libnds9.a(diskio.c.o)
                0x0200ebb0                get_fattime
 .text.ff_mutex_create
                0x0200ebf0       0x10 /opt/blocksds/core/libs/libnds/lib/libnds9.a(ffsystem.c.o)
                0x0200ebf0                ff_mutex_create
 .text.ff_mutex_delete
                0x0200ec00        0x4 /opt/blocksds/core/libs/libnds/lib/libnds9.a(ffsystem.c.o)
                0x0200ec00                ff_mutex_delete
 .text.ff_mutex_take
                0x0200ec04       0x1c /opt/blocksds/core/libs/libnds/lib/libnds9.a(ffsystem.c.o)
                0x0200ec04                ff_mutex_take
 .text.ff_mutex_give
                0x0200ec20       0x10 /opt/blocksds/core/libs/libnds/lib/libnds9.a(ffsystem.c.o)
                0x0200ec20                ff_mutex_give
 .text.cardReadArm7
                0x0200ec30       0x78 /opt/blocksds/core/libs/libnds/lib/libnds9.a(card.c.o)
                0x0200ec30                cardReadArm7
 .text.dldi_arm7_write_sectors
                0x0200eca8       0x64 /opt/blocksds/core/libs/libnds/lib/libnds9.a(dldi.c.o)
                0x0200eca8                dldi_arm7_write_sectors
 .text.dldi_arm7_is_inserted
                0x0200ed0c       0x3c /opt/blocksds/core/libs/libnds/lib/libnds9.a(dldi.c.o)
                0x0200ed0c                dldi_arm7_is_inserted
 .text.dldi_arm7_clear_status
                0x0200ed48       0x3c /opt/blocksds/core/libs/libnds/lib/libnds9.a(dldi.c.o)
                0x0200ed48                dldi_arm7_clear_status
 .text.dldi_arm7_shutdown
                0x0200ed84       0x3c /opt/blocksds/core/libs/libnds/lib/libnds9.a(dldi.c.o)
                0x0200ed84                dldi_arm7_shutdown
 .text.dldi_arm7_startup
                0x0200edc0       0x50 /opt/blocksds/core/libs/libnds/lib/libnds9.a(dldi.c.o)
                0x0200edc0                dldi_arm7_startup
 .text.dldi_arm7_read_sectors
                0x0200ee10       0x64 /opt/blocksds/core/libs/libnds/lib/libnds9.a(dldi.c.o)
                0x0200ee10                dldi_arm7_read_sectors
 .text.dldiGetInternal
                0x0200ee74       0xb0 /opt/blocksds/core/libs/libnds/lib/libnds9.a(dldi.c.o)
                0x0200ee74                dldiGetInternal
 .text.oamInit  0x0200ef24      0x114 /opt/blocksds/core/libs/libnds/lib/libnds9.a(sprite.c.o)
                0x0200ef24                oamInit
 .text.oamGfxPtrToOffset
                0x0200f038       0x34 /opt/blocksds/core/libs/libnds/lib/libnds9.a(sprite.c.o)
                0x0200f038                oamGfxPtrToOffset
 .text.oamSet   0x0200f06c      0x104 /opt/blocksds/core/libs/libnds/lib/libnds9.a(sprite.c.o)
                0x0200f06c                oamSet
 .text.oamUpdate
                0x0200f170       0x60 /opt/blocksds/core/libs/libnds/lib/libnds9.a(sprite.c.o)
                0x0200f170                oamUpdate
 .text.vramSetPrimaryBanks
                0x0200f1d0       0x44 /opt/blocksds/core/libs/libnds/lib/libnds9.a(video.c.o)
                0x0200f1d0                vramSetPrimaryBanks
 .text.vramRestorePrimaryBanks
                0x0200f214        0xc /opt/blocksds/core/libs/libnds/lib/libnds9.a(video.c.o)
                0x0200f214                vramRestorePrimaryBanks
 .text.setBrightness
                0x0200f220       0x40 /opt/blocksds/core/libs/libnds/lib/libnds9.a(video.c.o)
                0x0200f220                setBrightness
 .text.vramDefault
                0x0200f260       0xd0 /opt/blocksds/core/libs/libnds/lib/libnds9.a(video.c.o)
                0x0200f260                vramDefault
 .text.newRow   0x0200f330       0xdc /opt/blocksds/core/libs/libnds/lib/libnds9.a(console.c.o)
 .text.consolePrintChar
                0x0200f40c       0xe0 /opt/blocksds/core/libs/libnds/lib/libnds9.a(console.c.o)
                0x0200f40c                consolePrintChar
 .text.con_write
                0x0200f4ec      0x344 /opt/blocksds/core/libs/libnds/lib/libnds9.a(console.c.o)
 .text.consoleLoadFont
                0x0200f830      0x384 /opt/blocksds/core/libs/libnds/lib/libnds9.a(console.c.o)
                0x0200f830                consoleLoadFont
 .text.consoleInit
                0x0200fbb4      0x194 /opt/blocksds/core/libs/libnds/lib/libnds9.a(console.c.o)
                0x0200fbb4                consoleInit
 .text.consoleDemoInit
                0x0200fd48       0x48 /opt/blocksds/core/libs/libnds/lib/libnds9.a(console.c.o)
                0x0200fd48                consoleDemoInit
 .text.touchRead
                0x0200fd90       0x24 /opt/blocksds/core/libs/libnds/lib/libnds9.a(touch.c.o)
                0x0200fd90                touchRead
 .text.sinLutLookup
                0x0200fdb4       0x4c /opt/blocksds/core/libs/libnds/lib/libnds9.a(trig.c.o)
                0x0200fdb4                sinLutLookup
 .text.sinLerp  0x0200fe00       0x38 /opt/blocksds/core/libs/libnds/lib/libnds9.a(trig.c.o)
                0x0200fe00                sinLerp
 .text.cosLerp  0x0200fe38       0x48 /opt/blocksds/core/libs/libnds/lib/libnds9.a(trig.c.o)
                0x0200fe38                cosLerp
 .text.tanLerp  0x0200fe80       0xa8 /opt/blocksds/core/libs/libnds/lib/libnds9.a(trig.c.o)
                0x0200fe80                tanLerp
 .text.cardPolledTransfer
                0x0200ff28       0x54 /opt/blocksds/core/libs/libnds/lib/libnds9.a(card.c.o)
                0x0200ff28                cardPolledTransfer
 .text.cardRead
                0x0200ff7c       0x68 /opt/blocksds/core/libs/libnds/lib/libnds9.a(card.c.o)
                0x0200ff7c                cardRead
 .text.fifo_buffer_enqueue_block
                0x0200ffe4       0x44 /opt/blocksds/core/libs/libnds/lib/libnds9.a(fifosystem.c.o)
 .text.fifo_buffer_wait_block
                0x02010028       0x80 /opt/blocksds/core/libs/libnds/lib/libnds9.a(fifosystem.c.o)
 .text.fifoInternalSend.part.0
                0x020100a8       0xcc /opt/blocksds/core/libs/libnds/lib/libnds9.a(fifosystem.c.o)
 .text.fifoInternalSendInterrupt
                0x02010174       0xb0 /opt/blocksds/core/libs/libnds/lib/libnds9.a(fifosystem.c.o)
 .text.fifoSetValue32Handler
                0x02010224       0xd4 /opt/blocksds/core/libs/libnds/lib/libnds9.a(fifosystem.c.o)
                0x02010224                fifoSetValue32Handler
 .text.fifoSendValue32
                0x020102f8       0x50 /opt/blocksds/core/libs/libnds/lib/libnds9.a(fifosystem.c.o)
                0x020102f8                fifoSendValue32
 .text.fifoSendDatamsg
                0x02010348       0x94 /opt/blocksds/core/libs/libnds/lib/libnds9.a(fifosystem.c.o)
                0x02010348                fifoSendDatamsg
 .text.fifoGetValue32
                0x020103dc       0x70 /opt/blocksds/core/libs/libnds/lib/libnds9.a(fifosystem.c.o)
                0x020103dc                fifoGetValue32
 .text.fifoGetDatamsg
                0x0201044c       0xe8 /opt/blocksds/core/libs/libnds/lib/libnds9.a(fifosystem.c.o)
                0x0201044c                fifoGetDatamsg
 .text.fifoInternalRecvInterrupt
                0x02010534      0x310 /opt/blocksds/core/libs/libnds/lib/libnds9.a(fifosystem.c.o)
 .text.fifoSetDatamsgHandler
                0x02010844       0x9c /opt/blocksds/core/libs/libnds/lib/libnds9.a(fifosystem.c.o)
                0x02010844                fifoSetDatamsgHandler
 .text.fifoCheckValue32
                0x020108e0       0x24 /opt/blocksds/core/libs/libnds/lib/libnds9.a(fifosystem.c.o)
                0x020108e0                fifoCheckValue32
 .text.fifoInit
                0x02010904      0x114 /opt/blocksds/core/libs/libnds/lib/libnds9.a(fifosystem.c.o)
                0x02010904                fifoInit
 .text.fifoMutexAcquire
                0x02010a18       0x30 /opt/blocksds/core/libs/libnds/lib/libnds9.a(fifosystem.c.o)
                0x02010a18                fifoMutexAcquire
 .text.fifoMutexRelease
                0x02010a48       0x14 /opt/blocksds/core/libs/libnds/lib/libnds9.a(fifosystem.c.o)
                0x02010a48                fifoMutexRelease
 .text.irqDummy
                0x02010a5c        0x4 /opt/blocksds/core/libs/libnds/lib/libnds9.a(interrupts.c.o)
                0x02010a5c                irqDummy
 .text.irqSet   0x02010a60       0x78 /opt/blocksds/core/libs/libnds/lib/libnds9.a(interrupts.c.o)
                0x02010a60                irqSet
 .text.irqInit  0x02010ad8       0x50 /opt/blocksds/core/libs/libnds/lib/libnds9.a(interrupts.c.o)
                0x02010ad8                irqInit
 .text.irqEnable
                0x02010b28       0x64 /opt/blocksds/core/libs/libnds/lib/libnds9.a(interrupts.c.o)
                0x02010b28                irqEnable
 .text.systemErrorExit
                0x02010b8c        0x4 /opt/blocksds/core/libs/libnds/lib/libnds9.a(libnds_exit.c.o)
                0x02010b8c                systemErrorExit
 .text.__libnds_exit
                0x02010b90       0x5c /opt/blocksds/core/libs/libnds/lib/libnds9.a(libnds_exit.c.o)
                0x02010b90                __libnds_exit
 .text.cothread_delete_internal
                0x02010bec       0x3c /opt/blocksds/core/libs/libnds/lib/libnds9.a(threads.c.o)
 .text.cothread_main
                0x02010c28       0x10 /opt/blocksds/core/libs/libnds/lib/libnds9.a(threads.c.o)
                0x02010c28                cothread_main
 .text.cothread_yield
                0x02010c38       0x14 /opt/blocksds/core/libs/libnds/lib/libnds9.a(threads.c.o)
                0x02010c38                cothread_yield
 .text.cothread_yield_irq
                0x02010c4c       0x18 /opt/blocksds/core/libs/libnds/lib/libnds9.a(threads.c.o)
                0x02010c4c                cothread_yield_irq
 .text.cothread_start
                0x02010c64       0xec /opt/blocksds/core/libs/libnds/lib/libnds9.a(threads.c.o)
                0x02010c64                cothread_start
 .text.__ndsabi_coro_resume
                0x02010d50       0x18 /opt/blocksds/core/libs/libnds/lib/libnds9.a(coroutine.s.o)
                0x02010d50                __ndsabi_coro_resume
 .text.__ndsabi_coro_yield
                0x02010d68       0x1c /opt/blocksds/core/libs/libnds/lib/libnds9.a(coroutine.s.o)
                0x02010d68                __ndsabi_coro_yield
 .text.__ndsabi_coro_pop_noctx
                0x02010d84       0x38 /opt/blocksds/core/libs/libnds/lib/libnds9.a(coroutine.s.o)
                0x02010d84                __ndsabi_coro_pop_noctx
 .text.__aeabi_read_tp
                0x02010dbc        0xc /opt/blocksds/core/libs/libnds/lib/libnds9.a(aeabi_read_tp.s.o)
                0x02010dbc                __aeabi_read_tp
 .text.putc_buffered
                0x02010dc8       0x98 /opt/blocksds/core/libs/libnds/lib/libnds9.a(iob.c.o)
 .text.stdout_putc_buffered
                0x02010e60       0x20 /opt/blocksds/core/libs/libnds/lib/libnds9.a(iob.c.o)
 .text.stderr_putc_buffered
                0x02010e80       0x20 /opt/blocksds/core/libs/libnds/lib/libnds9.a(iob.c.o)
 .text.stdin_getc_keyboard
                0x02010ea0       0xe4 /opt/blocksds/core/libs/libnds/lib/libnds9.a(iob.c.o)
 .text.ff_uni2oem
                0x02010f84       0x44 /opt/blocksds/core/libs/libnds/lib/libnds9.a(ffunicode.c.o)
                0x02010f84                ff_uni2oem
 .text.ff_oem2uni
                0x02010fc8       0x2c /opt/blocksds/core/libs/libnds/lib/libnds9.a(ffunicode.c.o)
                0x02010fc8                ff_oem2uni
 .text.ff_wtoupper
                0x02010ff4       0xcc /opt/blocksds/core/libs/libnds/lib/libnds9.a(ffunicode.c.o)
                0x02010ff4                ff_wtoupper
 .text.oamAllocReset
                0x020110c0       0x1c /opt/blocksds/core/libs/libnds/lib/libnds9.a(sprite_alloc.c.o)
                0x020110c0                oamAllocReset
 .text.checkIfText
                0x020110dc       0x5c /opt/blocksds/core/libs/libnds/lib/libnds9.a(background.c.o)
                0x020110dc                checkIfText
 .text.bgUpdate
                0x02011138       0xf4 /opt/blocksds/core/libs/libnds/lib/libnds9.a(background.c.o)
                0x02011138                bgUpdate
 .text.bgInit_call
                0x0201122c       0xac /opt/blocksds/core/libs/libnds/lib/libnds9.a(background.c.o)
                0x0201122c                bgInit_call
 .text.bgInitSub_call
                0x020112d8       0xb4 /opt/blocksds/core/libs/libnds/lib/libnds9.a(background.c.o)
                0x020112d8                bgInitSub_call
 .text.keyboardGetKey
                0x0201138c       0x5c /opt/blocksds/core/libs/libnds/lib/libnds9.a(keyboard.c.o)
                0x0201138c                keyboardGetKey
 .text.keyboardShiftState
                0x020113e8       0x94 /opt/blocksds/core/libs/libnds/lib/libnds9.a(keyboard.c.o)
                0x020113e8                keyboardShiftState
 .text.swapKeyGfx
                0x0201147c      0x164 /opt/blocksds/core/libs/libnds/lib/libnds9.a(keyboard.c.o)
                0x0201147c                swapKeyGfx
 .text.keyboardUpdate
                0x020115e0       0xf0 /opt/blocksds/core/libs/libnds/lib/libnds9.a(keyboard.c.o)
                0x020115e0                keyboardUpdate
 .text.keyboardShow
                0x020116d0       0xd8 /opt/blocksds/core/libs/libnds/lib/libnds9.a(keyboard.c.o)
                0x020116d0                keyboardShow
 .text.keyboardHide
                0x020117a8       0x8c /opt/blocksds/core/libs/libnds/lib/libnds9.a(keyboard.c.o)
                0x020117a8                keyboardHide
 .text.__ndsabi_coro_make_noctx
                0x02011834       0x24 /opt/blocksds/core/libs/libnds/lib/libnds9.a(coroutine.c.o)
                0x02011834                __ndsabi_coro_make_noctx
 .text.calloc   0x02011858       0xb8 /opt/wonderful/toolchain/gcc-arm-none-eabi/lib/gcc/arm-none-eabi/13.1.0/../../../../arm-none-eabi/lib/libc.a(malloc-calloc.c.o)
                0x02011858                calloc
 .text.malloc_trim
                0x02011910       0xa0 /opt/wonderful/toolchain/gcc-arm-none-eabi/lib/gcc/arm-none-eabi/13.1.0/../../../../arm-none-eabi/lib/libc.a(malloc-free.c.o)
                0x02011910                malloc_trim
 .text.free     0x020119b0      0x168 /opt/wonderful/toolchain/gcc-arm-none-eabi/lib/gcc/arm-none-eabi/13.1.0/../../../../arm-none-eabi/lib/libc.a(malloc-free.c.o)
                0x020119b0                __malloc_free
                0x020119b0                free
 .text.malloc   0x02011b18      0x434 /opt/wonderful/toolchain/gcc-arm-none-eabi/lib/gcc/arm-none-eabi/13.1.0/../../../../arm-none-eabi/lib/libc.a(malloc-malloc.c.o)
                0x02011b18                malloc
 .text.realloc  0x02011f4c      0x360 /opt/wonderful/toolchain/gcc-arm-none-eabi/lib/gcc/arm-none-eabi/13.1.0/../../../../arm-none-eabi/lib/libc.a(malloc-realloc.c.o)
                0x02011f4c                realloc
 .text.__libc_init_array
                0x020122ac       0x60 /opt/wonderful/toolchain/gcc-arm-none-eabi/lib/gcc/arm-none-eabi/13.1.0/../../../../arm-none-eabi/lib/libc.a(libc_misc_init.c.o)
                0x020122ac                __libc_init_array
 .text.__retarget_lock_init
                0x0201230c        0x2 /opt/wonderful/toolchain/gcc-arm-none-eabi/lib/gcc/arm-none-eabi/13.1.0/../../../../arm-none-eabi/lib/libc.a(libc_misc_lock.c.o)
                0x0201230c                __retarget_lock_init
 .text.__retarget_lock_close
                0x0201230e        0x2 /opt/wonderful/toolchain/gcc-arm-none-eabi/lib/gcc/arm-none-eabi/13.1.0/../../../../arm-none-eabi/lib/libc.a(libc_misc_lock.c.o)
                0x0201230e                __retarget_lock_close
 .text.__retarget_lock_acquire
                0x02012310        0x2 /opt/wonderful/toolchain/gcc-arm-none-eabi/lib/gcc/arm-none-eabi/13.1.0/../../../../arm-none-eabi/lib/libc.a(libc_misc_lock.c.o)
                0x02012310                __retarget_lock_acquire
 .text.__retarget_lock_acquire_recursive
                0x02012312        0x2 /opt/wonderful/toolchain/gcc-arm-none-eabi/lib/gcc/arm-none-eabi/13.1.0/../../../../arm-none-eabi/lib/libc.a(libc_misc_lock.c.o)
                0x02012312                __retarget_lock_acquire_recursive
 .text.__retarget_lock_release
                0x02012314        0x2 /opt/wonderful/toolchain/gcc-arm-none-eabi/lib/gcc/arm-none-eabi/13.1.0/../../../../arm-none-eabi/lib/libc.a(libc_misc_lock.c.o)
                0x02012314                __retarget_lock_release
 .text.__retarget_lock_release_recursive
                0x02012316        0x2 /opt/wonderful/toolchain/gcc-arm-none-eabi/lib/gcc/arm-none-eabi/13.1.0/../../../../arm-none-eabi/lib/libc.a(libc_misc_lock.c.o)
                0x02012316                __retarget_lock_release_recursive
 .text.rand     0x02012318        0xc /opt/wonderful/toolchain/gcc-arm-none-eabi/lib/gcc/arm-none-eabi/13.1.0/../../../../arm-none-eabi/lib/libc.a(libc_stdlib_rand.c.o)
                0x02012318                rand
 .text.random   0x02012324       0x38 /opt/wonderful/toolchain/gcc-arm-none-eabi/lib/gcc/arm-none-eabi/13.1.0/../../../../arm-none-eabi/lib/libc.a(libc_stdlib_random.c.o)
                0x02012324                random
 .text.exit     0x0201235c       0x20 /opt/wonderful/toolchain/gcc-arm-none-eabi/lib/gcc/arm-none-eabi/13.1.0/../../../../arm-none-eabi/lib/libc.a(libc_stdlib_pico-exit.c.o)
                0x0201235c                exit
 .text.memcmp   0x0201237c       0x20 /opt/wonderful/toolchain/gcc-arm-none-eabi/lib/gcc/arm-none-eabi/13.1.0/../../../../arm-none-eabi/lib/libc.a(libc_string_memcmp.c.o)
                0x0201237c                memcmp
 .text.strchr   0x0201239c       0x1e /opt/wonderful/toolchain/gcc-arm-none-eabi/lib/gcc/arm-none-eabi/13.1.0/../../../../arm-none-eabi/lib/libc.a(libc_string_strchr.c.o)
                0x0201239c                strchr
 .text.strdup   0x020123ba       0x24 /opt/wonderful/toolchain/gcc-arm-none-eabi/lib/gcc/arm-none-eabi/13.1.0/../../../../arm-none-eabi/lib/libc.a(libc_string_strdup.c.o)
                0x020123ba                strdup
 .text.strncmp  0x020123de       0x26 /opt/wonderful/toolchain/gcc-arm-none-eabi/lib/gcc/arm-none-eabi/13.1.0/../../../../arm-none-eabi/lib/libc.a(libc_string_strncmp.c.o)
                0x020123de                strncmp
 .text.strstr   0x02012404       0x30 /opt/wonderful/toolchain/gcc-arm-none-eabi/lib/gcc/arm-none-eabi/13.1.0/../../../../arm-none-eabi/lib/libc.a(libc_string_strstr.c.o)
                0x02012404                strstr
 .text.localtime
                0x02012434       0x1c /opt/wonderful/toolchain/gcc-arm-none-eabi/lib/gcc/arm-none-eabi/13.1.0/../../../../arm-none-eabi/lib/libc.a(libc_time_lcltime.c.o)
                0x02012434                localtime
 .text.localtime_r
                0x02012450      0x1fc /opt/wonderful/toolchain/gcc-arm-none-eabi/lib/gcc/arm-none-eabi/13.1.0/../../../../arm-none-eabi/lib/libc.a(libc_time_lcltime_r.c.o)
                0x02012450                localtime_r
 .text.time     0x0201264c       0x2e /opt/wonderful/toolchain/gcc-arm-none-eabi/lib/gcc/arm-none-eabi/13.1.0/../../../../arm-none-eabi/lib/libc.a(libc_time_time.c.o)
                0x0201264c                time
 *fill*         0x0201267a        0x2 ff
 .text.__tzcalc_limits
                0x0201267c      0x180 /opt/wonderful/toolchain/gcc-arm-none-eabi/lib/gcc/arm-none-eabi/13.1.0/../../../../arm-none-eabi/lib/libc.a(libc_time_tzcalc_limits.c.o)
                0x0201267c                __tzcalc_limits
 .text._tzset_unlocked
                0x020127fc      0x43c /opt/wonderful/toolchain/gcc-arm-none-eabi/lib/gcc/arm-none-eabi/13.1.0/../../../../arm-none-eabi/lib/libc.a(libc_time_tzset.c.o)
                0x020127fc                _tzset_unlocked
 .text.fclose   0x02012c38       0x20 /opt/wonderful/toolchain/gcc-arm-none-eabi/lib/gcc/arm-none-eabi/13.1.0/../../../../arm-none-eabi/lib/libc.a(libc_tinystdio_fclose.c.o)
                0x02012c38                fclose
 .text.fflush   0x02012c58       0x1a /opt/wonderful/toolchain/gcc-arm-none-eabi/lib/gcc/arm-none-eabi/13.1.0/../../../../arm-none-eabi/lib/libc.a(libc_tinystdio_fflush.c.o)
                0x02012c58                fflush
 .text.fread    0x02012c72       0x48 /opt/wonderful/toolchain/gcc-arm-none-eabi/lib/gcc/arm-none-eabi/13.1.0/../../../../arm-none-eabi/lib/libc.a(libc_tinystdio_fread.c.o)
                0x02012c72                fread
 *fill*         0x02012cba        0x2 ff
 .text.fseek    0x02012cbc       0x48 /opt/wonderful/toolchain/gcc-arm-none-eabi/lib/gcc/arm-none-eabi/13.1.0/../../../../arm-none-eabi/lib/libc.a(libc_tinystdio_fseek.c.o)
                0x02012cbc                fseek
 .text.ftell    0x02012d04       0x34 /opt/wonderful/toolchain/gcc-arm-none-eabi/lib/gcc/arm-none-eabi/13.1.0/../../../../arm-none-eabi/lib/libc.a(libc_tinystdio_ftell.c.o)
                0x02012d04                ftell
 .text.printf   0x02012d38       0x20 /opt/wonderful/toolchain/gcc-arm-none-eabi/lib/gcc/arm-none-eabi/13.1.0/../../../../arm-none-eabi/lib/libc.a(libc_tinystdio_printf.c.o)
                0x02012d38                printf
 .text.puts     0x02012d58       0x4c /opt/wonderful/toolchain/gcc-arm-none-eabi/lib/gcc/arm-none-eabi/13.1.0/../../../../arm-none-eabi/lib/libc.a(libc_tinystdio_puts.c.o)
                0x02012d58                puts
 .text.rewind   0x02012da4       0x1a /opt/wonderful/toolchain/gcc-arm-none-eabi/lib/gcc/arm-none-eabi/13.1.0/../../../../arm-none-eabi/lib/libc.a(libc_tinystdio_rewind.c.o)
                0x02012da4                rewind
 .text.setvbuf  0x02012dbe       0x20 /opt/wonderful/toolchain/gcc-arm-none-eabi/lib/gcc/arm-none-eabi/13.1.0/../../../../arm-none-eabi/lib/libc.a(libc_tinystdio_setvbuf.c.o)
                0x02012dbe                setvbuf
 *fill*         0x02012dde        0x2 ff
 .text.snprintf
                0x02012de0       0x5c /opt/wonderful/toolchain/gcc-arm-none-eabi/lib/gcc/arm-none-eabi/13.1.0/../../../../arm-none-eabi/lib/libc.a(libc_tinystdio_snprintf.c.o)
                0x02012de0                snprintf
 .text.sprintf  0x02012e3c       0x50 /opt/wonderful/toolchain/gcc-arm-none-eabi/lib/gcc/arm-none-eabi/13.1.0/../../../../arm-none-eabi/lib/libc.a(libc_tinystdio_sprintf.c.o)
                0x02012e3c                sprintf
 .text.sscanf   0x02012e8c       0x3c /opt/wonderful/toolchain/gcc-arm-none-eabi/lib/gcc/arm-none-eabi/13.1.0/../../../../arm-none-eabi/lib/libc.a(libc_tinystdio_sscanf.c.o)
                0x02012e8c                sscanf
 .text.strtoul  0x02012ec8      0x128 /opt/wonderful/toolchain/gcc-arm-none-eabi/lib/gcc/arm-none-eabi/13.1.0/../../../../arm-none-eabi/lib/libc.a(libc_tinystdio_strtoul.c.o)
                0x02012ec8                strtoul
 .text.__ultoa_invert
                0x02012ff0       0x64 /opt/wonderful/toolchain/gcc-arm-none-eabi/lib/gcc/arm-none-eabi/13.1.0/../../../../arm-none-eabi/lib/libc.a(libc_tinystdio_vfprintf.c.o)
 .text.skip_to_arg
                0x02013054      0x140 /opt/wonderful/toolchain/gcc-arm-none-eabi/lib/gcc/arm-none-eabi/13.1.0/../../../../arm-none-eabi/lib/libc.a(libc_tinystdio_vfprintf.c.o)
 .text.vfprintf
                0x02013194      0xb90 /opt/wonderful/toolchain/gcc-arm-none-eabi/lib/gcc/arm-none-eabi/13.1.0/../../../../arm-none-eabi/lib/libc.a(libc_tinystdio_vfprintf.c.o)
                0x02013194                __d_vfprintf
                0x02013194                vfprintf
 .text.scanf_getc
                0x02013d24       0x18 /opt/wonderful/toolchain/gcc-arm-none-eabi/lib/gcc/arm-none-eabi/13.1.0/../../../../arm-none-eabi/lib/libc.a(libc_tinystdio_vfscanf.c.o)
 .text.putval   0x02013d3c       0x2e /opt/wonderful/toolchain/gcc-arm-none-eabi/lib/gcc/arm-none-eabi/13.1.0/../../../../arm-none-eabi/lib/libc.a(libc_tinystdio_vfscanf.c.o)
 .text.scanf_ungetc.isra.0
                0x02013d6a       0x18 /opt/wonderful/toolchain/gcc-arm-none-eabi/lib/gcc/arm-none-eabi/13.1.0/../../../../arm-none-eabi/lib/libc.a(libc_tinystdio_vfscanf.c.o)
 .text.skip_spaces
                0x02013d82       0x2e /opt/wonderful/toolchain/gcc-arm-none-eabi/lib/gcc/arm-none-eabi/13.1.0/../../../../arm-none-eabi/lib/libc.a(libc_tinystdio_vfscanf.c.o)
 .text.vfscanf  0x02013db0      0x924 /opt/wonderful/toolchain/gcc-arm-none-eabi/lib/gcc/arm-none-eabi/13.1.0/../../../../arm-none-eabi/lib/libc.a(libc_tinystdio_vfscanf.c.o)
                0x02013db0                __d_vfscanf
                0x02013db0                vfscanf
 .text.vprintf  0x020146d4       0x18 /opt/wonderful/toolchain/gcc-arm-none-eabi/lib/gcc/arm-none-eabi/13.1.0/../../../../arm-none-eabi/lib/libc.a(libc_tinystdio_vprintf.c.o)
                0x020146d4                vprintf
 .text.mulShiftAll64
                0x020146ec      0x1ea /opt/wonderful/toolchain/gcc-arm-none-eabi/lib/gcc/arm-none-eabi/13.1.0/../../../../arm-none-eabi/lib/libc.a(libc_tinystdio_dtoa_ryu.c.o)
 *fill*         0x020148d6        0x2 ff
 .text.div10    0x020148d8       0x28 /opt/wonderful/toolchain/gcc-arm-none-eabi/lib/gcc/arm-none-eabi/13.1.0/../../../../arm-none-eabi/lib/libc.a(libc_tinystdio_dtoa_ryu.c.o)
 .text.__dtoa_engine
                0x02014900      0x49c /opt/wonderful/toolchain/gcc-arm-none-eabi/lib/gcc/arm-none-eabi/13.1.0/../../../../arm-none-eabi/lib/libc.a(libc_tinystdio_dtoa_ryu.c.o)
                0x02014900                __dtoa_engine
 .text.__pow5Factor
                0x02014d9c       0x30 /opt/wonderful/toolchain/gcc-arm-none-eabi/lib/gcc/arm-none-eabi/13.1.0/../../../../arm-none-eabi/lib/libc.a(libc_tinystdio_ryu_table.c.o)
                0x02014d9c                __pow5Factor
 .text.__double_computePow5
                0x02014dcc      0x100 /opt/wonderful/toolchain/gcc-arm-none-eabi/lib/gcc/arm-none-eabi/13.1.0/../../../../arm-none-eabi/lib/libc.a(libc_tinystdio_ryu_table.c.o)
                0x02014dcc                __double_computePow5
 .text.__double_computeInvPow5
                0x02014ecc      0x104 /opt/wonderful/toolchain/gcc-arm-none-eabi/lib/gcc/arm-none-eabi/13.1.0/../../../../arm-none-eabi/lib/libc.a(libc_tinystdio_ryu_table.c.o)
                0x02014ecc                __double_computeInvPow5
 .text.mulShift64
                0x02014fd0       0x68 /opt/wonderful/toolchain/gcc-arm-none-eabi/lib/gcc/arm-none-eabi/13.1.0/../../../../arm-none-eabi/lib/libc.a(libc_tinystdio_atod_ryu.c.o)
 .text.__atod_engine
                0x02015038      0x164 /opt/wonderful/toolchain/gcc-arm-none-eabi/lib/gcc/arm-none-eabi/13.1.0/../../../../arm-none-eabi/lib/libc.a(libc_tinystdio_atod_ryu.c.o)
                0x02015038                __atod_engine
 .text.__atof_engine
                0x0201519c      0x122 /opt/wonderful/toolchain/gcc-arm-none-eabi/lib/gcc/arm-none-eabi/13.1.0/../../../../arm-none-eabi/lib/libc.a(libc_tinystdio_atof_ryu.c.o)
                0x0201519c                __atof_engine
 *fill*         0x020152be        0x2 ff
 .text.__log2pow5
                0x020152c0        0xc /opt/wonderful/toolchain/gcc-arm-none-eabi/lib/gcc/arm-none-eabi/13.1.0/../../../../arm-none-eabi/lib/libc.a(libc_tinystdio_ryu_log2pow5.c.o)
                0x020152c0                __log2pow5
 .text.__ceil_log2pow5
                0x020152cc       0x10 /opt/wonderful/toolchain/gcc-arm-none-eabi/lib/gcc/arm-none-eabi/13.1.0/../../../../arm-none-eabi/lib/libc.a(libc_tinystdio_ryu_log2pow5.c.o)
                0x020152cc                __ceil_log2pow5
 .text.__log10Pow2
                0x020152dc        0xc /opt/wonderful/toolchain/gcc-arm-none-eabi/lib/gcc/arm-none-eabi/13.1.0/../../../../arm-none-eabi/lib/libc.a(libc_tinystdio_ryu_log10.c.o)
                0x020152dc                __log10Pow2
 .text.__log10Pow5
                0x020152e8        0xc /opt/wonderful/toolchain/gcc-arm-none-eabi/lib/gcc/arm-none-eabi/13.1.0/../../../../arm-none-eabi/lib/libc.a(libc_tinystdio_ryu_log10.c.o)
                0x020152e8                __log10Pow5
 .text.__pow5bits
                0x020152f4       0x10 /opt/wonderful/toolchain/gcc-arm-none-eabi/lib/gcc/arm-none-eabi/13.1.0/../../../../arm-none-eabi/lib/libc.a(libc_tinystdio_ryu_pow5bits.c.o)
                0x020152f4                __pow5bits
 .text.__umul128
                0x02015304       0x74 /opt/wonderful/toolchain/gcc-arm-none-eabi/lib/gcc/arm-none-eabi/13.1.0/../../../../arm-none-eabi/lib/libc.a(libc_tinystdio_ryu_umul128.c.o)
                0x02015304                __umul128
 .text.__shiftright128
                0x02015378       0x2c /opt/wonderful/toolchain/gcc-arm-none-eabi/lib/gcc/arm-none-eabi/13.1.0/../../../../arm-none-eabi/lib/libc.a(libc_tinystdio_ryu_umul128.c.o)
                0x02015378                __shiftright128
 .text.mulShift32
                0x020153a4       0x4e /opt/wonderful/toolchain/gcc-arm-none-eabi/lib/gcc/arm-none-eabi/13.1.0/../../../../arm-none-eabi/lib/libc.a(libc_tinystdio_ryu_divpow2.c.o)
 .text.__mulPow5InvDivPow2
                0x020153f2       0x2c /opt/wonderful/toolchain/gcc-arm-none-eabi/lib/gcc/arm-none-eabi/13.1.0/../../../../arm-none-eabi/lib/libc.a(libc_tinystdio_ryu_divpow2.c.o)
                0x020153f2                __mulPow5InvDivPow2
 .text.__mulPow5divPow2
                0x0201541e       0x24 /opt/wonderful/toolchain/gcc-arm-none-eabi/lib/gcc/arm-none-eabi/13.1.0/../../../../arm-none-eabi/lib/libc.a(libc_tinystdio_ryu_divpow2.c.o)
                0x0201541e                __mulPow5divPow2
 .text.__picolibc_non_atomic_exchange_ungetc
                0x02015442        0x8 /opt/wonderful/toolchain/gcc-arm-none-eabi/lib/gcc/arm-none-eabi/13.1.0/../../../../arm-none-eabi/lib/libc.a(libc_tinystdio_exchange.c.o)
                0x02015442                __atomic_exchange_ungetc
                0x02015442                __picolibc_non_atomic_exchange_ungetc
 .text.fopen    0x0201544a       0x32 /opt/wonderful/toolchain/gcc-arm-none-eabi/lib/gcc/arm-none-eabi/13.1.0/../../../../arm-none-eabi/lib/libc.a(libc_tinystdio_fopen.c.o)
                0x0201544a                fopen
 .text.fdopen   0x0201547c       0xac /opt/wonderful/toolchain/gcc-arm-none-eabi/lib/gcc/arm-none-eabi/13.1.0/../../../../arm-none-eabi/lib/libc.a(libc_tinystdio_fdopen.c.o)
                0x0201547c                fdopen
 .text.__posix_sflags
                0x02015528       0x5c /opt/wonderful/toolchain/gcc-arm-none-eabi/lib/gcc/arm-none-eabi/13.1.0/../../../../arm-none-eabi/lib/libc.a(libc_tinystdio_sflags.c.o)
                0x02015528                __posix_sflags
 .text.memmove  0x02015584       0x28 /opt/wonderful/toolchain/gcc-arm-none-eabi/lib/gcc/arm-none-eabi/13.1.0/../../../../arm-none-eabi/lib/libc.a(memmove.c.o)
                0x02015584                memmove
                0x02015584                __aeabi_memmove8
                0x02015584                __aeabi_memmove
                0x02015584                __aeabi_memmove4
 .text.__libc_fini_array
                0x020155ac       0x3c /opt/wonderful/toolchain/gcc-arm-none-eabi/lib/gcc/arm-none-eabi/13.1.0/../../../../arm-none-eabi/lib/libc.a(libc_misc_fini.c.o)
                0x020155ac                __libc_fini_array
 .text.getenv   0x020155e8        0xe /opt/wonderful/toolchain/gcc-arm-none-eabi/lib/gcc/arm-none-eabi/13.1.0/../../../../arm-none-eabi/lib/libc.a(libc_stdlib_getenv.c.o)
                0x020155e8                getenv
 *fill*         0x020155f6        0x2 ff
 .text._findenv
                0x020155f8       0x80 /opt/wonderful/toolchain/gcc-arm-none-eabi/lib/gcc/arm-none-eabi/13.1.0/../../../../arm-none-eabi/lib/libc.a(libc_stdlib_getenv_r.c.o)
                0x020155f8                _findenv
 .text.strnlen  0x02015678       0x16 /opt/wonderful/toolchain/gcc-arm-none-eabi/lib/gcc/arm-none-eabi/13.1.0/../../../../arm-none-eabi/lib/libc.a(libc_string_strnlen.c.o)
                0x02015678                strnlen
 *fill*         0x0201568e        0x2 ff
 .text.__gettzinfo
                0x02015690        0x8 /opt/wonderful/toolchain/gcc-arm-none-eabi/lib/gcc/arm-none-eabi/13.1.0/../../../../arm-none-eabi/lib/libc.a(libc_time_gettzinfo.c.o)
                0x02015690                __gettzinfo
 .text.gmtime_r
                0x02015698      0x1ac /opt/wonderful/toolchain/gcc-arm-none-eabi/lib/gcc/arm-none-eabi/13.1.0/../../../../arm-none-eabi/lib/libc.a(libc_time_gmtime_r.c.o)
                0x02015698                gmtime_r
 .text.__bufio_flush_locked
                0x02015844       0x6e /opt/wonderful/toolchain/gcc-arm-none-eabi/lib/gcc/arm-none-eabi/13.1.0/../../../../arm-none-eabi/lib/libc.a(libc_tinystdio_bufio.c.o)
 .text.__bufio_flush
                0x020158b2       0x20 /opt/wonderful/toolchain/gcc-arm-none-eabi/lib/gcc/arm-none-eabi/13.1.0/../../../../arm-none-eabi/lib/libc.a(libc_tinystdio_bufio.c.o)
                0x020158b2                __bufio_flush
 .text.__bufio_put
                0x020158d2       0x64 /opt/wonderful/toolchain/gcc-arm-none-eabi/lib/gcc/arm-none-eabi/13.1.0/../../../../arm-none-eabi/lib/libc.a(libc_tinystdio_bufio.c.o)
                0x020158d2                __bufio_put
 *fill*         0x02015936        0x2 ff
 .text.__bufio_get
                0x02015938       0x98 /opt/wonderful/toolchain/gcc-arm-none-eabi/lib/gcc/arm-none-eabi/13.1.0/../../../../arm-none-eabi/lib/libc.a(libc_tinystdio_bufio.c.o)
                0x02015938                __bufio_get
 .text.__bufio_seek
                0x020159d0       0x60 /opt/wonderful/toolchain/gcc-arm-none-eabi/lib/gcc/arm-none-eabi/13.1.0/../../../../arm-none-eabi/lib/libc.a(libc_tinystdio_bufio.c.o)
                0x020159d0                __bufio_seek
 .text.__bufio_setvbuf
                0x02015a30       0x8c /opt/wonderful/toolchain/gcc-arm-none-eabi/lib/gcc/arm-none-eabi/13.1.0/../../../../arm-none-eabi/lib/libc.a(libc_tinystdio_bufio.c.o)
                0x02015a30                __bufio_setvbuf
 .text.__bufio_close
                0x02015abc       0x48 /opt/wonderful/toolchain/gcc-arm-none-eabi/lib/gcc/arm-none-eabi/13.1.0/../../../../arm-none-eabi/lib/libc.a(libc_tinystdio_bufio.c.o)
                0x02015abc                __bufio_close
 .text.fgetc    0x02015b04       0x48 /opt/wonderful/toolchain/gcc-arm-none-eabi/lib/gcc/arm-none-eabi/13.1.0/../../../../arm-none-eabi/lib/libc.a(libc_tinystdio_fgetc.c.o)
                0x02015b04                getc
                0x02015b04                fgetc
 .text.__file_str_get
                0x02015b4c       0x16 /opt/wonderful/toolchain/gcc-arm-none-eabi/lib/gcc/arm-none-eabi/13.1.0/../../../../arm-none-eabi/lib/libc.a(libc_tinystdio_filestrget.c.o)
                0x02015b4c                __file_str_get
 .text.__file_str_put
                0x02015b62       0x10 /opt/wonderful/toolchain/gcc-arm-none-eabi/lib/gcc/arm-none-eabi/13.1.0/../../../../arm-none-eabi/lib/libc.a(libc_tinystdio_filestrput.c.o)
                0x02015b62                __file_str_put
 *fill*         0x02015b72        0x2 ff
 .text.fseeko   0x02015b74       0x48 /opt/wonderful/toolchain/gcc-arm-none-eabi/lib/gcc/arm-none-eabi/13.1.0/../../../../arm-none-eabi/lib/libc.a(libc_tinystdio_fseeko.c.o)
                0x02015b74                fseeko
 .text.ungetc   0x02015bbc       0x3a /opt/wonderful/toolchain/gcc-arm-none-eabi/lib/gcc/arm-none-eabi/13.1.0/../../../../arm-none-eabi/lib/libc.a(libc_tinystdio_ungetc.c.o)
                0x02015bbc                ungetc
 .text.__picolibc_non_atomic_compare_exchange_ungetc
                0x02015bf6       0x16 /opt/wonderful/toolchain/gcc-arm-none-eabi/lib/gcc/arm-none-eabi/13.1.0/../../../../arm-none-eabi/lib/libc.a(libc_tinystdio_compare_exchange.c.o)
                0x02015bf6                __picolibc_non_atomic_compare_exchange_ungetc
                0x02015bf6                __atomic_compare_exchange_ungetc
 .text._exit    0x02015c0c        0x8 /opt/blocksds/core/libs/libnds/lib/libnds9.a(syscalls.c.o)
                0x02015c0c                _exit
 .text.gettimeofday
                0x02015c14       0x1c /opt/blocksds/core/libs/libnds/lib/libnds9.a(syscalls.c.o)
                0x02015c14                gettimeofday
 .text.gettimeofday.__stub
                0x02015c30      0x10c linker stubs
 *(EXCLUDE_FILE(*.twl*) .gnu.warning)
 *(EXCLUDE_FILE(*.twl*) .gnu.linkonce.t*)
 *(.glue_7)
 .glue_7        0x02015d58        0x0 linker stubs
 *(.glue_7t)
 .glue_7t       0x02015d58        0x0 linker stubs
                0x02015d58                        . = ALIGN (0x4)

.vfp11_veneer   0x02015d58        0x0
 .vfp11_veneer  0x02015d58        0x0 linker stubs

.v4_bx          0x02015d58        0x0
 .v4_bx         0x02015d58        0x0 linker stubs

.iplt           0x02015d58        0x0
 .iplt          0x02015d58        0x0 build/source/main.cpp.o

.fini
 *(.fini)
                0x02015d58                        __text_end = .

.rodata         0x02015d58     0x1a8c
 *(EXCLUDE_FILE(*.twl*) .rodata)
 .rodata        0x02015d58       0x24 /opt/blocksds/external/nitro-engine/lib/libNE.a(NETexture.c.o)
 .rodata        0x02015d7c       0x14 /opt/blocksds/core/libs/libnds/lib/libnds9.a(fatfs.c.o)
 .rodata        0x02015d90       0x18 /opt/wonderful/toolchain/gcc-arm-none-eabi/lib/gcc/arm-none-eabi/13.1.0/../../../../arm-none-eabi/lib/libc.a(libc_time_month_lengths.c.o)
                0x02015d90                __month_lengths
 .rodata        0x02015da8        0xb /opt/wonderful/toolchain/gcc-arm-none-eabi/lib/gcc/arm-none-eabi/13.1.0/../../../../arm-none-eabi/lib/libc.a(libc_tinystdio_vfscanf.c.o)
 *fill*         0x02015db3        0x5 ff
 .rodata        0x02015db8      0x338 /opt/wonderful/toolchain/gcc-arm-none-eabi/lib/gcc/arm-none-eabi/13.1.0/../../../../arm-none-eabi/lib/libc.a(libc_tinystdio_ryu_table.c.o)
 *all.rodata*(*)
 *(EXCLUDE_FILE(*.twl*) .roda)
 *(EXCLUDE_FILE(*.twl*) .rodata.*)
 .rodata._Z22LoadAndSetupGraphics3Dv.str1.4
                0x020160f0       0xd9 build/source/main.cpp.o
 *fill*         0x020161c9        0x3 ff
 .rodata._Z22LoadAndSetupGraphics2Dv.str1.4
                0x020161cc       0x14 build/source/main.cpp.o
 .rodata.main.str1.4
                0x020161e0       0x55 build/source/main.cpp.o
 *fill*         0x02016235        0x3 ff
 .rodata.NE_FATLoadData.str1.4
                0x02016238        0x4 /opt/blocksds/external/nitro-engine/lib/libNE.a(NEFAT.c.o)
 .rodata.NE_ModelDraw.str1.4
                0x0201623c       0xb7 /opt/blocksds/external/nitro-engine/lib/libNE.a(NEModel.c.o)
 .rodata.str1.4
                0x020162f3       0xb7 /opt/blocksds/external/nitro-engine/lib/libNE.a(dsma.c.o)
 *fill*         0x020162f3        0x1 ff
 .rodata.NF_Error.str1.4
                0x020162f4      0x3d0 /opt/blocksds/external/nflib/lib/libnflib.a(nf_basic.c.o)
 .rodata.NF_Error
                0x020166c4       0x50 /opt/blocksds/external/nflib/lib/libnflib.a(nf_basic.c.o)
 .rodata.NF_SetRootFolder.str1.4
                0x02016714      0x252 /opt/blocksds/external/nflib/lib/libnflib.a(nf_basic.c.o)
                                0x25a (size before relaxing)
 *fill*         0x02016966        0x2 ff
 .rodata.NF_FileLoad.str1.4
                0x02016968        0x3 /opt/blocksds/external/nflib/lib/libnflib.a(nf_basic.c.o)
 *fill*         0x0201696b        0x1 ff
 .rodata.NF_LoadTextFont.str1.4
                0x0201696c       0x22 /opt/blocksds/external/nflib/lib/libnflib.a(nf_text.c.o)
                                 0x2b (size before relaxing)
 *fill*         0x0201698e        0x2 ff
 .rodata.NF_CreateTextLayer.str1.4
                0x02016990        0x9 /opt/blocksds/external/nflib/lib/libnflib.a(nf_text.c.o)
 *fill*         0x02016999        0x3 ff
 .rodata.NF_WriteText
                0x0201699c      0x170 /opt/blocksds/external/nflib/lib/libnflib.a(nf_text.c.o)
 .rodata.NF_InitTiledBgBuffers.str1.4
                0x02016b0c        0xd /opt/blocksds/external/nflib/lib/libnflib.a(nf_tiledbg.c.o)
 *fill*         0x02016b19        0x3 ff
 .rodata.NF_DeleteTiledBg.str1.4
                0x02016b1c        0x3 /opt/blocksds/external/nflib/lib/libnflib.a(nf_tiledbg.c.o)
 *fill*         0x02016b1f        0x1 ff
 .rodata.NF_GetTileMapAddress.str1.4
                0x02016b20        0xf /opt/blocksds/external/nflib/lib/libnflib.a(nf_tiledbg.c.o)
 *fill*         0x02016b2f        0x1 ff
 .rodata.__sassert.str1.4
                0x02016b30       0x8e /opt/blocksds/core/libs/libnds/lib/libnds9.a(sassert.c.o)
 *fill*         0x02016bbe        0x2 ff
 .rodata.chdir.str1.4
                0x02016bc0        0x3 /opt/blocksds/core/libs/libnds/lib/libnds9.a(chdir.c.o)
 .rodata.fatGetDefaultCwd.str1.4
                0x02016bc3        0xd /opt/blocksds/core/libs/libnds/lib/libnds9.a(fatfs.c.o)
 .rodata.nitroFSInit.str1.4
                0x02016bc3        0x8 /opt/blocksds/core/libs/libnds/lib/libnds9.a(fatfs.c.o)
 *fill*         0x02016bc3        0x1 ff
 .rodata.follow_path.str1.4
                0x02016bc4       0x13 /opt/blocksds/core/libs/libnds/lib/libnds9.a(ff.c.o)
 *fill*         0x02016bd7        0x1 ff
 .rodata.check_fs.str1.4
                0x02016bd8        0x9 /opt/blocksds/core/libs/libnds/lib/libnds9.a(ff.c.o)
 *fill*         0x02016be1        0x3 ff
 .rodata.ExCvt  0x02016be4       0x80 /opt/blocksds/core/libs/libnds/lib/libnds9.a(ff.c.o)
 .rodata.LfnOfs
                0x02016c64        0xd /opt/blocksds/core/libs/libnds/lib/libnds9.a(ff.c.o)
 *fill*         0x02016c71        0x3 ff
 .rodata.str1.4
                0x02016c74        0xe /opt/blocksds/core/libs/libnds/lib/libnds9.a(ff.c.o)
 *fill*         0x02016c82        0x2 ff
 .rodata.VolumeStr
                0x02016c84        0xc /opt/blocksds/core/libs/libnds/lib/libnds9.a(ff.c.o)
 .rodata.disk_initialize.str1.4
                0x02016c90        0x3 /opt/blocksds/core/libs/libnds/lib/libnds9.a(diskio.c.o)
 .rodata.con_write.str1.4
                0x02016c90       0x30 /opt/blocksds/core/libs/libnds/lib/libnds9.a(console.c.o)
 .rodata.con_write
                0x02016cc0       0xd4 /opt/blocksds/core/libs/libnds/lib/libnds9.a(console.c.o)
 .rodata.TAN_LUT
                0x02016d94      0x204 /opt/blocksds/core/libs/libnds/lib/libnds9.a(trig.c.o)
                0x02016d94                TAN_LUT
 .rodata.SIN_LUT
                0x02016f98      0x102 /opt/blocksds/core/libs/libnds/lib/libnds9.a(trig.c.o)
                0x02016f98                SIN_LUT
 *fill*         0x0201709a        0x2 ff
 .rodata.default_font_bin
                0x0201709c      0x2f8 /opt/blocksds/core/libs/libnds/lib/libnds9.a(default_font.bin.o)
                0x0201709c                default_font_bin
 .rodata.stderr
                0x02017394        0x4 /opt/blocksds/core/libs/libnds/lib/libnds9.a(iob.c.o)
                0x02017394                stderr
 .rodata.stdout
                0x02017398        0x4 /opt/blocksds/core/libs/libnds/lib/libnds9.a(iob.c.o)
                0x02017398                stdout
 .rodata.stdin  0x0201739c        0x4 /opt/blocksds/core/libs/libnds/lib/libnds9.a(iob.c.o)
                0x0201739c                stdin
 .rodata.ff_wtoupper
                0x020173a0       0x24 /opt/blocksds/core/libs/libnds/lib/libnds9.a(ffunicode.c.o)
 .rodata.cvt2.0
                0x020173c4       0xbc /opt/blocksds/core/libs/libnds/lib/libnds9.a(ffunicode.c.o)
 .rodata.cvt1.1
                0x02017480      0x1f2 /opt/blocksds/core/libs/libnds/lib/libnds9.a(ffunicode.c.o)
 *fill*         0x02017672        0x2 ff
 .rodata.uc437  0x02017674      0x100 /opt/blocksds/core/libs/libnds/lib/libnds9.a(ffunicode.c.o)
 .rodata.str1.1
                0x02017774       0x4e /opt/wonderful/toolchain/gcc-arm-none-eabi/lib/gcc/arm-none-eabi/13.1.0/../../../../arm-none-eabi/lib/libc.a(libc_time_tzset.c.o)
                                 0x61 (size before relaxing)
 .rodata.str1.1
                0x020177c2        0x4 /opt/wonderful/toolchain/gcc-arm-none-eabi/lib/gcc/arm-none-eabi/13.1.0/../../../../arm-none-eabi/lib/libc.a(libc_time_tzvars.c.o)
 .rodata.str1.1
                0x020177c2        0xf /opt/wonderful/toolchain/gcc-arm-none-eabi/lib/gcc/arm-none-eabi/13.1.0/../../../../arm-none-eabi/lib/libc.a(libc_tinystdio_vfprintf.c.o)
 .rodata.str1.1
                0x020177d1       0x12 /opt/wonderful/toolchain/gcc-arm-none-eabi/lib/gcc/arm-none-eabi/13.1.0/../../../../arm-none-eabi/lib/libc.a(libc_tinystdio_vfscanf.c.o)
 *(EXCLUDE_FILE(*.twl*) .gnu.linkonce.r*)
                0x020177e4                        . = ALIGN (0x4)
 *fill*         0x020177e3        0x1 ff

.ARM.extab
 *(.ARM.extab* .gnu.linkonce.armextab.*)
                0x020177e4                        __exidx_start = .

ARM.exidx       0x020177e4        0x8
 *(.ARM.exidx* .gnu.linkonce.armexidx.*)
 .ARM.exidx     0x020177e4        0x8 /opt/wonderful/toolchain/gcc-arm-none-eabi/lib/gcc/arm-none-eabi/13.1.0/../../../../arm-none-eabi/lib/libc.a(strcpy.S.o)
 .ARM.exidx     0x020177ec        0x0 /opt/wonderful/toolchain/gcc-arm-none-eabi/lib/gcc/arm-none-eabi/13.1.0/thumb/libgcc.a(_udivmoddi4.o)
                                  0x8 (size before relaxing)
                0x020177ec                        __exidx_end = .
                0x020177ec                        . = ALIGN (0x4)
                0x020177ec                        PROVIDE (__preinit_array_start = .)

.preinit_array
 *(.preinit_array)
                0x020177ec                        PROVIDE (__preinit_array_end = .)
                0x020177ec                        PROVIDE (__init_array_start = .)

.init_array     0x020177ec        0x4
 *(SORT_BY_NAME(.init_array.*))
 *(.init_array)
 .init_array    0x020177ec        0x4 build/source/main.cpp.o
                0x020177f0                        PROVIDE (__init_array_end = .)
                0x020177f0                        PROVIDE (__fini_array_start = .)

.fini_array
 *(.fini_array)
 *(SORT_BY_NAME(.fini_array.*))
                0x020177f0                        PROVIDE (__fini_array_end = .)

.ctors          0x020177f0        0x0
 *crtbegin.o(.ctors)
 *(EXCLUDE_FILE(*crtend.o) .ctors)
 *(SORT_BY_NAME(.ctors.*))
 *(.ctors)
                0x020177f0                        . = ALIGN (0x4)

.dtors          0x020177f0        0x0
 *crtbegin.o(.dtors)
 *(EXCLUDE_FILE(*crtend.o) .dtors)
 *(SORT_BY_NAME(.dtors.*))
 *(.dtors)
                0x020177f0                        . = ALIGN (0x4)

.eh_frame       0x020177f0        0x0
 *(.eh_frame)
                0x020177f0                        . = ALIGN (0x4)

.gcc_except_table
                0x020177f0        0x0
 *(.gcc_except_table)
                0x020177f0                        . = ALIGN (0x4)

.jcr
 *(.jcr)

.got            0x020177f0       0x10
 *(.got.plt)
 .got.plt       0x020177f0        0xc build/source/main.cpp.o
                0x020177f0                _GLOBAL_OFFSET_TABLE_
 *(.got)
 .got           0x020177fc        0x4 build/source/main.cpp.o
 *(.rel.got)
 .rel.got       0x02017800        0x0 build/source/main.cpp.o

.ewram          0x02017800        0x0
                0x02017800                        __ewram_start = ABSOLUTE (.)
 *(.ewram)
 *ewram.*(.text)
                0x02017800                        . = ALIGN (0x4)

.data           0x02017800      0x600
                0x02017800                        __data_start = ABSOLUTE (.)
 *(EXCLUDE_FILE(*.twl*) .data)
 .data          0x02017800       0x28 /opt/blocksds/core/libs/libnds/lib/libnds9.a(mpu_setup.s.o)
 .data          0x02017828      0x410 /opt/wonderful/toolchain/gcc-arm-none-eabi/lib/gcc/arm-none-eabi/13.1.0/../../../../arm-none-eabi/lib/libc.a(malloc-malloc.c.o)
                0x02017828                __malloc_sbrk_base
                0x0201782c                __malloc_trim_threshold
                0x02017830                __malloc_av_
 .data          0x02017c38        0x8 /opt/wonderful/toolchain/gcc-arm-none-eabi/lib/gcc/arm-none-eabi/13.1.0/../../../../arm-none-eabi/lib/libc.a(libc_time_tzvars.c.o)
                0x02017c38                _tzname
 .data          0x02017c40       0x58 /opt/wonderful/toolchain/gcc-arm-none-eabi/lib/gcc/arm-none-eabi/13.1.0/../../../../arm-none-eabi/lib/libc.a(libc_time_gettzinfo.c.o)
 .data          0x02017c98        0x4 /opt/wonderful/toolchain/gcc-arm-none-eabi/lib/gcc/arm-none-eabi/13.1.0/../../../../arm-none-eabi/lib/libc.a(libc_stdlib_environ.c.o)
                0x02017c98                environ
 *(EXCLUDE_FILE(*.twl*) .data.*)
 .data.ne_sine_shift
                0x02017c9c        0x4 /opt/blocksds/external/nitro-engine/lib/libNE.a(NEGeneral.c.o)
 .data.ne_sine_mult
                0x02017ca0        0x4 /opt/blocksds/external/nitro-engine/lib/libNE.a(NEGeneral.c.o)
 .data.ne_noise_value
                0x02017ca4        0x4 /opt/blocksds/external/nitro-engine/lib/libNE.a(NEGeneral.c.o)
 .data.ne_main_screen
                0x02017ca8        0x4 /opt/blocksds/external/nitro-engine/lib/libNE.a(NEGeneral.c.o)
 .data.count    0x02017cac        0x1 /opt/blocksds/core/libs/libnds/lib/libnds9.a(keys.c.o)
 .data.repeat   0x02017cad        0x1 /opt/blocksds/core/libs/libnds/lib/libnds9.a(keys.c.o)
 .data.delay    0x02017cae        0x1 /opt/blocksds/core/libs/libnds/lib/libnds9.a(keys.c.o)
 .data.dldi_mode
                0x02017caf        0x1 /opt/blocksds/core/libs/libnds/lib/libnds9.a(dldi.c.o)
 .data.__io_dldi_arm7_interface
                0x02017cb0       0x20 /opt/blocksds/core/libs/libnds/lib/libnds9.a(dldi.c.o)
                0x02017cb0                __io_dldi_arm7_interface
 .data.oamSub   0x02017cd0       0x14 /opt/blocksds/core/libs/libnds/lib/libnds9.a(sprite.c.o)
                0x02017cd0                oamSub
 .data.oamMain  0x02017ce4       0x14 /opt/blocksds/core/libs/libnds/lib/libnds9.a(sprite.c.o)
                0x02017ce4                oamMain
 .data.firstConsoleInit.0
                0x02017cf8        0x1 /opt/blocksds/core/libs/libnds/lib/libnds9.a(console.c.o)
 *fill*         0x02017cf9        0x3 ff
 .data.currentConsole
                0x02017cfc        0x4 /opt/blocksds/core/libs/libnds/lib/libnds9.a(console.c.o)
                0x02017cfc                currentConsole
 .data.defaultConsole
                0x02017d00       0x5c /opt/blocksds/core/libs/libnds/lib/libnds9.a(console.c.o)
                0x02017d00                defaultConsole
 .data.fifo_freewords
                0x02017d5c        0x4 /opt/blocksds/core/libs/libnds/lib/libnds9.a(fifosystem.c.o)
 .data.fifo_receive_queue
                0x02017d60        0x4 /opt/blocksds/core/libs/libnds/lib/libnds9.a(fifosystem.c.o)
 .data.fifo_send_queue
                0x02017d64        0x4 /opt/blocksds/core/libs/libnds/lib/libnds9.a(fifosystem.c.o)
 .data.fifo_buffer_free
                0x02017d68        0x4 /opt/blocksds/core/libs/libnds/lib/libnds9.a(fifosystem.c.o)
 .data.__stderr
                0x02017d6c       0x10 /opt/blocksds/core/libs/libnds/lib/libnds9.a(iob.c.o)
 .data.__stdout
                0x02017d7c       0x10 /opt/blocksds/core/libs/libnds/lib/libnds9.a(iob.c.o)
 .data.__stdin  0x02017d8c       0x10 /opt/blocksds/core/libs/libnds/lib/libnds9.a(iob.c.o)
 .data.bgTransform
                0x02017d9c       0x20 /opt/blocksds/core/libs/libnds/lib/libnds9.a(background.c.o)
                0x02017d9c                bgTransform
 .data.bgScrollTable
                0x02017dbc       0x20 /opt/blocksds/core/libs/libnds/lib/libnds9.a(background.c.o)
                0x02017dbc                bgScrollTable
 .data.bgControl
                0x02017ddc       0x20 /opt/blocksds/core/libs/libnds/lib/libnds9.a(background.c.o)
                0x02017ddc                bgControl
 .data.lastKey  0x02017dfc        0x2 /opt/blocksds/core/libs/libnds/lib/libnds9.a(keyboard.c.o)
                0x02017dfc                lastKey
 *(EXCLUDE_FILE(*.twl*) .gnu.linkonce.d*)
                0x02017e00                        . = ALIGN (0x4)
 *fill*         0x02017dfe        0x2 ff

.igot.plt       0x02017e00        0x0
 .igot.plt      0x02017e00        0x0 build/source/main.cpp.o

.tdata          0x02017e00        0x8
                0x02017e00                        __tdata_start = ABSOLUTE (.)
 *(.tdata .tdata.* .gnu.linkonce.td.*)
 .tdata         0x02017e00        0x8 /opt/wonderful/toolchain/gcc-arm-none-eabi/lib/gcc/arm-none-eabi/13.1.0/../../../../arm-none-eabi/lib/libc.a(libc_stdlib_random.c.o)
                0x02017e00                _rand_next
                0x02017e08                        . = ALIGN (0x4)
                0x02017e08                        __tdata_end = ABSOLUTE (.)
                0x02017e08                        __data_end = .
                0x00000008                        __tdata_size = (__tdata_end - __tdata_start)

.tbss           0x02017e08       0x28
                0x02017e08                        __tbss_start = ABSOLUTE (.)
 *(.tbss .tbss.* .gnu.linkonce.tb.*)
 .tbss          0x02017e08        0x4 /opt/wonderful/toolchain/gcc-arm-none-eabi/lib/gcc/arm-none-eabi/13.1.0/../../../../arm-none-eabi/lib/libc.a(libc_errno_errno.c.o)
                0x02017e08                errno
 .tbss          0x02017e0c       0x24 /opt/wonderful/toolchain/gcc-arm-none-eabi/lib/gcc/arm-none-eabi/13.1.0/../../../../arm-none-eabi/lib/libc.a(libc_time_lcltime_buf.c.o)
                0x02017e0c                _localtime_buf
 *(.tcommon)
                0x02017e30                        . = ALIGN (0x4)
                0x02017e30                        __tbss_end = ABSOLUTE (.)
                0x00000028                        __tbss_size = (__tbss_end - __tbss_start)
                0x02017e08                        __bss_vma = .

.dtcm           0x02ff0000        0x0 load address 0x02017e08
                0x02017e08                        __dtcm_lma = LOADADDR (.dtcm)
                0x02ff0000                        __dtcm_start = ABSOLUTE (.)
 *(.dtcm)
 *(.dtcm.*)
                0x02ff0000                        . = ALIGN (0x4)
                0x02ff0000                        __dtcm_end = ABSOLUTE (.)

.itcm           0x01000100      0xc58 load address 0x02017e08
                0x02017e08                        __itcm_lma = LOADADDR (.itcm)
                0x01000100                        __itcm_start = ABSOLUTE (.)
 *(.itcm)
 .itcm          0x01000100      0x94c /opt/blocksds/external/nitro-engine/lib/libNE.a(dsma.c.o)
                0x01000100                DSMA_DrawModel
                0x0100051c                DSMA_DrawModelBlendAnimation